Using username "student".
student@192.168.1.90's password:
Access denied
student@192.168.1.90's password:
Using username "student".
student@192.168.1.90's password:
Last failed login: Wed Nov 20 08:33:34 CET 2024 from 192.168.1.41 on ssh:notty
There was 1 failed login attempt since the last successful login.
Last login: Tue Nov 19 16:24:21 2024 from 192.168.1.41
student@centos9:~$ cat /proc/cpuinfo | grep -e pdpe -e pse
flags           : fpu vme de pse tsc msr pae mce cx8 apic sep mtrr pge mca cmov                                                                   pat pse36 clflush mmx fxsr sse sse2 ss ht syscall nx pdpe1gb rdtscp lm constant_                                                                  tsc arch_perfmon nopl xtopology tsc_reliable nonstop_tsc cpuid tsc_known_freq pn                                                                  i pclmulqdq ssse3 fma cx16 pcid sse4_1 sse4_2 x2apic movbe popcnt tsc_deadline_t                                                                  imer aes xsave avx f16c rdrand hypervisor lahf_lm abm 3dnowprefetch invpcid_sing                                                                  le ssbd ibrs ibpb stibp fsgsbase tsc_adjust bmi1 avx2 smep bmi2 invpcid rdseed a                                                                  dx smap clflushopt xsaveopt xsavec xsaves arat md_clear flush_l1d arch_capabilit                                                                  ies
flags           : fpu vme de pse tsc msr pae mce cx8 apic sep mtrr pge mca cmov                                                                   pat pse36 clflush mmx fxsr sse sse2 ss ht syscall nx pdpe1gb rdtscp lm constant_                                                                  tsc arch_perfmon nopl xtopology tsc_reliable nonstop_tsc cpuid tsc_known_freq pn                                                                  i pclmulqdq ssse3 fma cx16 pcid sse4_1 sse4_2 x2apic movbe popcnt tsc_deadline_t                                                                  imer aes xsave avx f16c rdrand hypervisor lahf_lm abm 3dnowprefetch invpcid_sing                                                                  le ssbd ibrs ibpb stibp fsgsbase tsc_adjust bmi1 avx2 smep bmi2 invpcid rdseed a                                                                  dx smap clflushopt xsaveopt xsavec xsaves arat md_clear flush_l1d arch_capabilit                                                                  ies
flags           : fpu vme de pse tsc msr pae mce cx8 apic sep mtrr pge mca cmov                                                                   pat pse36 clflush mmx fxsr sse sse2 ss ht syscall nx pdpe1gb rdtscp lm constant_                                                                  tsc arch_perfmon nopl xtopology tsc_reliable nonstop_tsc cpuid tsc_known_freq pn                                                                  i pclmulqdq ssse3 fma cx16 pcid sse4_1 sse4_2 x2apic movbe popcnt tsc_deadline_t                                                                  imer aes xsave avx f16c rdrand hypervisor lahf_lm abm 3dnowprefetch invpcid_sing                                                                  le ssbd ibrs ibpb stibp fsgsbase tsc_adjust bmi1 avx2 smep bmi2 invpcid rdseed a                                                                  dx smap clflushopt xsaveopt xsavec xsaves arat md_clear flush_l1d arch_capabilit                                                                  ies
flags           : fpu vme de pse tsc msr pae mce cx8 apic sep mtrr pge mca cmov                                                                   pat pse36 clflush mmx fxsr sse sse2 ss ht syscall nx pdpe1gb rdtscp lm constant_                                                                  tsc arch_perfmon nopl xtopology tsc_reliable nonstop_tsc cpuid tsc_known_freq pn                                                                  i pclmulqdq ssse3 fma cx16 pcid sse4_1 sse4_2 x2apic movbe popcnt tsc_deadline_t                                                                  imer aes xsave avx f16c rdrand hypervisor lahf_lm abm 3dnowprefetch invpcid_sing                                                                  le ssbd ibrs ibpb stibp fsgsbase tsc_adjust bmi1 avx2 smep bmi2 invpcid rdseed a                                                                  dx smap clflushopt xsaveopt xsavec xsaves arat md_clear flush_l1d arch_capabilit                                                                  ies
student@centos9:~$
student@centos9:~$
student@centos9:~$
student@centos9:~$ Error writing session log (ASCII mode) to file: day3-history.txt

student@centos9:~$
student@centos9:~$
student@centos9:~$
student@centos9:~$
student@centos9:~$
student@centos9:~$
student@centos9:~$ df -h
Filesystem                   Size  Used Avail Use% Mounted on
devtmpfs                     4.0M     0  4.0M   0% /dev
tmpfs                        1.8G     0  1.8G   0% /dev/shm
tmpfs                        726M  9.7M  716M   2% /run
/dev/mapper/centos9-root      16G  7.5G  8.6G  47% /
/dev/mapper/vg_test-lv_test  2.0G  968M  993M  50% /lvm1
/dev/mapper/centos9-tmp      5.0G   79M  5.0G   2% /tmp
/dev/sda1                   1014M  397M  618M  40% /boot
/dev/mapper/centos9-home     5.0G   92M  4.9G   2% /home
tmpfs                        363M   52K  363M   1% /run/user/42
tmpfs                        363M   36K  363M   1% /run/user/1000
student@centos9:~$ sudo vi /etc/fstab
student@centos9:~$ sudo -i
root@centos9:~$
root@centos9:~$
root@centos9:~$
root@centos9:~$
root@centos9:~$ vgs
  VG      #PV #LV #SN Attr   VSize   VFree
  centos9   1   4   0 wz--n- <29.00g     0
  vg_test   1   1   0 wz--n-  <2.00g 20.00m
root@centos9:~$ lvs
  LV      VG      Attr       LSize  Pool Origin Data%  Meta%  Move Log Cpy%Sync Convert
  home    centos9 -wi-ao---- <5.00g
  root    centos9 -wi-ao---- 16.00g
  swap    centos9 -wi-ao----  3.00g
  tmp     centos9 -wi-ao----  5.00g
  lv_test vg_test -wi-ao---- <1.98g
root@centos9:~$
root@centos9:~$
root@centos9:~$ cd /lvm1/
root@centos9:/lvm1$ ls -la
total 943108
drwxr-xr-x   2 root root        21 Nov 19 15:38 .
dr-xr-xr-x. 21 root root      4096 Nov 19 15:37 ..
-rw-r--r--   1 root root 965738496 Nov 19 15:38 bigfile
root@centos9:/lvm1$ ls -lah
total 922M
drwxr-xr-x   2 root root   21 Nov 19 15:38 .
dr-xr-xr-x. 21 root root 4.0K Nov 19 15:37 ..
-rw-r--r--   1 root root 921M Nov 19 15:38 bigfile
root@centos9:/lvm1$ dd if=/dev/urandom of=bigfile2 bs=1M count=950
950+0 records in
950+0 records out
996147200 bytes (996 MB, 950 MiB) copied, 6.58138 s, 151 MB/s
root@centos9:/lvm1$ df -h
Filesystem                   Size  Used Avail Use% Mounted on
devtmpfs                     4.0M     0  4.0M   0% /dev
tmpfs                        1.8G     0  1.8G   0% /dev/shm
tmpfs                        726M  9.7M  716M   2% /run
/dev/mapper/centos9-root      16G  7.5G  8.6G  47% /
/dev/mapper/vg_test-lv_test  2.0G  1.9G   43M  98% /lvm1
/dev/mapper/centos9-tmp      5.0G   79M  5.0G   2% /tmp
/dev/sda1                   1014M  397M  618M  40% /boot
/dev/mapper/centos9-home     5.0G   92M  4.9G   2% /home
tmpfs                        363M   52K  363M   1% /run/user/42
overlay                       16G  7.5G  8.6G  47% /var/lib/docker/overlay2/aa5f9425f587d92955281876094271e6c38e1601843ecdec12ecad00a0f9b2ec/merged
tmpfs                        363M   36K  363M   1% /run/user/1000
root@centos9:/lvm1$ lvs
  LV      VG      Attr       LSize  Pool Origin Data%  Meta%  Move Log Cpy%Sync Convert
  home    centos9 -wi-ao---- <5.00g
  root    centos9 -wi-ao---- 16.00g
  swap    centos9 -wi-ao----  3.00g
  tmp     centos9 -wi-ao----  5.00g
  lv_test vg_test -wi-ao---- <1.98g
root@centos9:/lvm1$ vgs
  VG      #PV #LV #SN Attr   VSize   VFree
  centos9   1   4   0 wz--n- <29.00g     0
  vg_test   1   1   0 wz--n-  <2.00g 20.00m
root@centos9:/lvm1$
root@centos9:/lvm1$
root@centos9:/lvm1$
root@centos9:/lvm1$
root@centos9:/lvm1$ cat /proc/partitions
major minor  #blocks  name

   8        0   31457280 sda
   8        1    1048576 sda1
   8        2   30407680 sda2
   8       16    2097152 sdb
  11        0     111748 sr0
  11        1    9252864 sr1
 253        0   16777216 dm-0
 253        1    3145728 dm-1
 253        2    2072576 dm-2
 253        3    5242880 dm-3
 253        4    5238784 dm-4
root@centos9:/lvm1$ for i in `seq 0 1 2` ; do echo "- - -" > /sys/class/scsi_host/host$i/scan; donoe
> ^C
root@centos9:/lvm1$ for i in `seq 0 1 2` ; do echo "- - -" > /sys/class/scsi_host/host$i/scan; done
root@centos9:/lvm1$
root@centos9:/lvm1$
root@centos9:/lvm1$ cat /proc/partitions
major minor  #blocks  name

   8        0   31457280 sda
   8        1    1048576 sda1
   8        2   30407680 sda2
   8       16    2097152 sdb
  11        0     111748 sr0
  11        1    9252864 sr1
 253        0   16777216 dm-0
 253        1    3145728 dm-1
 253        2    2072576 dm-2
 253        3    5242880 dm-3
 253        4    5238784 dm-4
   8       32    2097152 sdc
root@centos9:/lvm1$ pvcreate /dev/sdc
  Physical volume "/dev/sdc" successfully created.
root@centos9:/lvm1$
root@centos9:/lvm1$
root@centos9:/lvm1$ vgs
  VG      #PV #LV #SN Attr   VSize   VFree
  centos9   1   4   0 wz--n- <29.00g     0
  vg_test   1   1   0 wz--n-  <2.00g 20.00m
root@centos9:/lvm1$
root@centos9:/lvm1$
root@centos9:/lvm1$ vgextend --help
  vgextend - Add physical volumes to a volume group

  vgextend VG PV ...
        [ -A|--autobackup y|n ]
        [ -f|--force ]
        [ -Z|--zero y|n ]
        [ -M|--metadatatype lvm2 ]
        [    --labelsector Number ]
        [    --metadatasize Size[m|UNIT] ]
        [    --pvmetadatacopies 0|1|2 ]
        [    --metadataignore y|n ]
        [    --dataalignment Size[k|UNIT] ]
        [    --dataalignmentoffset Size[k|UNIT] ]
        [    --reportformat basic|json|json_std ]
        [    --restoremissing ]
        [ COMMON_OPTIONS ]

  Common options for lvm:
        [ -d|--debug ]
        [ -h|--help ]
        [ -q|--quiet ]
        [ -v|--verbose ]
        [ -y|--yes ]
        [ -t|--test ]
        [    --commandprofile String ]
        [    --config String ]
        [    --driverloaded y|n ]
        [    --nolocking ]
        [    --lockopt String ]
        [    --longhelp ]
        [    --profile String ]
        [    --version ]
        [    --devicesfile String ]
        [    --devices PV ]
        [    --nohints ]
        [    --journal String ]

  Use --longhelp to show all options and advanced commands.
root@centos9:/lvm1$ vgextend vg_test /dev/sdc
  Volume group "vg_test" successfully extended
root@centos9:/lvm1$
root@centos9:/lvm1$ vgs
  VG      #PV #LV #SN Attr   VSize   VFree
  centos9   1   4   0 wz--n- <29.00g     0
  vg_test   2   1   0 wz--n-   3.99g <2.02g
root@centos9:/lvm1$ lvextend -L +2G /dev/vg_test/lv_test
  Size of logical volume vg_test/lv_test changed from <1.98 GiB (506 extents) to <3.98 GiB (1018 extents).
  Logical volume vg_test/lv_test successfully resized.
root@centos9:/lvm1$
root@centos9:/lvm1$
root@centos9:/lvm1$ xfs_growfs /dev/vg_test/lv_test
meta-data=/dev/mapper/vg_test-lv_test isize=512    agcount=8, agsize=65536 blks
         =                       sectsz=512   attr=2, projid32bit=1
         =                       crc=1        finobt=1, sparse=1, rmapbt=0
         =                       reflink=1    bigtime=1 inobtcount=1 nrext64=0
data     =                       bsize=4096   blocks=518144, imaxpct=25
         =                       sunit=0      swidth=0 blks
naming   =version 2              bsize=4096   ascii-ci=0, ftype=1
log      =internal log           bsize=4096   blocks=16384, version=2
         =                       sectsz=512   sunit=0 blks, lazy-count=1
realtime =none                   extsz=4096   blocks=0, rtextents=0
data blocks changed from 518144 to 1042432
root@centos9:/lvm1$
root@centos9:/lvm1$
root@centos9:/lvm1$ df -h
Filesystem                   Size  Used Avail Use% Mounted on
devtmpfs                     4.0M     0  4.0M   0% /dev
tmpfs                        1.8G     0  1.8G   0% /dev/shm
tmpfs                        726M  9.7M  716M   2% /run
/dev/mapper/centos9-root      16G  7.5G  8.6G  47% /
/dev/mapper/vg_test-lv_test  4.0G  1.9G  2.1G  49% /lvm1
/dev/mapper/centos9-tmp      5.0G   79M  5.0G   2% /tmp
/dev/sda1                   1014M  397M  618M  40% /boot
/dev/mapper/centos9-home     5.0G   92M  4.9G   2% /home
tmpfs                        363M   52K  363M   1% /run/user/42
overlay                       16G  7.5G  8.6G  47% /var/lib/docker/overlay2/aa5f9425f587d92955281876094271e6c38e1601843ecdec12ecad00a0f9b2ec/merged
tmpfs                        363M   36K  363M   1% /run/user/1000
root@centos9:/lvm1$
root@centos9:/lvm1$
root@centos9:/lvm1$ dd if=/dev/urandom of=bigfile2 bs=1M count=550
550+0 records in
550+0 records out
576716800 bytes (577 MB, 550 MiB) copied, 1.3723 s, 420 MB/s
root@centos9:/lvm1$ df -h
Filesystem                   Size  Used Avail Use% Mounted on
devtmpfs                     4.0M     0  4.0M   0% /dev
tmpfs                        1.8G     0  1.8G   0% /dev/shm
tmpfs                        726M  9.7M  716M   2% /run
/dev/mapper/centos9-root      16G  7.5G  8.6G  47% /
/dev/mapper/vg_test-lv_test  4.0G  1.6G  2.4G  39% /lvm1
/dev/mapper/centos9-tmp      5.0G   79M  5.0G   2% /tmp
/dev/sda1                   1014M  397M  618M  40% /boot
/dev/mapper/centos9-home     5.0G   92M  4.9G   2% /home
tmpfs                        363M   52K  363M   1% /run/user/42
overlay                       16G  7.5G  8.6G  47% /var/lib/docker/overlay2/aa5f9425f587d92955281876094271e6c38e1601843ecdec12ecad00a0f9b2ec/merged
tmpfs                        363M   36K  363M   1% /run/user/1000
root@centos9:/lvm1$ ls -la
total 1528772
drwxr-xr-x   2 root root        37 Nov 20 08:53 .
dr-xr-xr-x. 21 root root      4096 Nov 19 15:37 ..
-rw-r--r--   1 root root 965738496 Nov 19 15:38 bigfile
-rw-r--r--   1 root root 576716800 Nov 20 09:07 bigfile2
root@centos9:/lvm1$ touch plik1
root@centos9:/lvm1$ vi plik1
root@centos9:/lvm1$ cp -rp /root/lin2_Nov/ .
root@centos9:/lvm1$ ls -la
total 1528776
drwxr-xr-x   3 root root        66 Nov 20 09:07 .
dr-xr-xr-x. 21 root root      4096 Nov 19 15:37 ..
-rw-r--r--   1 root root 965738496 Nov 19 15:38 bigfile
-rw-r--r--   1 root root 576716800 Nov 20 09:07 bigfile2
drwxr-xr-x   4 root root       305 Nov 19 15:52 lin2_Nov
-rw-r--r--   1 root root        22 Nov 20 09:07 plik1
root@centos9:/lvm1$ cd lin2_Nov/
root@centos9:/lvm1/lin2_Nov$ ls -la
total 7376
drwxr-xr-x 4 root    root        305 Nov 19 15:52 .
drwxr-xr-x 3 root    root         66 Nov 20 09:07 ..
-rw-r--r-- 1 root    root       8827 Nov 18 16:06 day1-history.txt
-rw-r--r-- 1 root    root    7435046 Nov 19 15:52 day2-history.txt
-rw-r--r-- 1 root    root        238 Nov 19 10:38 docker-web1.service
-rw-r--r-- 1 root    root        223 Nov 19 10:53 flask-app.service
drwxr-xr-x 8 root    root        220 Nov 19 15:52 .git
-rw-r--r-- 1 root    root         35 Nov 19 12:47 hardlink
-rw-r--r-- 1 root    root         35 Nov 19 12:47 hardlink2
-rwxr-xr-x 1 root    root        673 Nov 19 11:54 lab5.sh
drwxr-xr-x 2 student student      26 Nov 19 10:44 python-app
-rw-r--r-- 1 root    root         40 Nov 18 16:02 README.md
-rw-r--r-- 1 root    root        185 Nov 19 11:49 skrypt.service
lrwxrwxrwx 1 root    root         14 Nov 19 12:36 softlink -> skrypt.service
lrwxrwxrwx 1 root    root         15 Nov 19 12:36 softlink2 -> skrypt2.service
-rw-r--r-- 1 root    root      34612 Nov 19 08:58 virtual_guest.txt
-rw-r--r-- 1 root    root      34611 Nov 19 09:00 virtual_host.txt
root@centos9:/lvm1/lin2_Nov$ cd ..
root@centos9:/lvm1$ cd
root@centos9:~$ xfs
xfs_admin      xfs_db         xfs_freeze     xfs_info       xfs_logprint   xfs_mkfile     xfs_repair     xfs_spaceman
xfs_bmap       xfsdump        xfs_fsr        xfsinvutil     xfs_mdrestore  xfs_ncheck     xfsrestore
xfs_copy       xfs_estimate   xfs_growfs     xfs_io         xfs_metadump   xfs_quota      xfs_rtcp
root@centos9:~$ xfs
xfs_admin      xfs_db         xfs_freeze     xfs_info       xfs_logprint   xfs_mkfile     xfs_repair     xfs_spaceman
xfs_bmap       xfsdump        xfs_fsr        xfsinvutil     xfs_mdrestore  xfs_ncheck     xfsrestore
xfs_copy       xfs_estimate   xfs_growfs     xfs_io         xfs_metadump   xfs_quota      xfs_rtcp
root@centos9:~$ xfs
xfs_admin      xfs_db         xfs_freeze     xfs_info       xfs_logprint   xfs_mkfile     xfs_repair     xfs_spaceman
xfs_bmap       xfsdump        xfs_fsr        xfsinvutil     xfs_mdrestore  xfs_ncheck     xfsrestore
xfs_copy       xfs_estimate   xfs_growfs     xfs_io         xfs_metadump   xfs_quota      xfs_rtcp
root@centos9:~$ xfsdump -f /tmp/lvm1.dump /lvm1/
xfsdump: using file dump (drive_simple) strategy
xfsdump: version 3.1.12 (dump format 3.0) - type ^C for status and control

 ============================= dump label dialog ==============================

please enter label for this dump session (timeout in 300 sec)
 ->
session label entered: ""

 --------------------------------- end dialog ---------------------------------

xfsdump: WARNING: no session label specified
xfsdump: ERROR: /lvm1/ does not identify a file system
xfsdump: usage: xfsdump [ -a (dump DMF dualstate files as offline) ]
                        [ -b <blocksize> ]
                        [ -c <media change alert program>  ]
                        [ -d <dump media file size>  ]
                        [ -e (allow files to be excluded) ]
                        [ -f <destination> ... ]
                        [ -h (help) ]
                        [ -l <level> ]
                        [ -m (force usage of minimal rmt) ]
                        [ -o (overwrite tape) ]
                        [ -p <seconds between progress reports> ]
                        [ -q <use QIC tape settings> ]
                        [ -s <subtree> ... ]
                        [ -t <file> (use file mtime for dump time ]
                        [ -v <verbosity {silent, verbose, trace}> ]
                        [ -z <maximum file size> ]
                        [ -A (don't dump extended file attributes) ]
                        [ -B <base dump session id> ]
                        [ -D (skip unchanged directories) ]
                        [ -E (pre-erase media) ]
                        [ -F (don't prompt) ]
                        [ -I (display dump inventory) ]
                        [ -J (inhibit inventory update) ]
                        [ -K (generate format 2 dump) ]
                        [ -L <session label> ]
                        [ -M <media label> ... ]
                        [ -O <options file> ]
                        [ -R (resume) ]
                        [ -T (don't timeout dialogs) ]
                        [ -Y <I/O buffer ring length> ]
                        [ - (stdout) ]
                        [ <source (mntpnt|device)> ]
xfsdump: Dump Status: ERROR
root@centos9:~$ xfsdump -f /tmp/lvm1.dump /lvm1/
xfsdump: using file dump (drive_simple) strategy
xfsdump: version 3.1.12 (dump format 3.0) - type ^C for status and control

 ============================= dump label dialog ==============================

please enter label for this dump session (timeout in 300 sec)
 -> LVM1
session label entered: "LVM1"

 --------------------------------- end dialog ---------------------------------

xfsdump: ERROR: /lvm1/ does not identify a file system
xfsdump: usage: xfsdump [ -a (dump DMF dualstate files as offline) ]
                        [ -b <blocksize> ]
                        [ -c <media change alert program>  ]
                        [ -d <dump media file size>  ]
                        [ -e (allow files to be excluded) ]
                        [ -f <destination> ... ]
                        [ -h (help) ]
                        [ -l <level> ]
                        [ -m (force usage of minimal rmt) ]
                        [ -o (overwrite tape) ]
                        [ -p <seconds between progress reports> ]
                        [ -q <use QIC tape settings> ]
                        [ -s <subtree> ... ]
                        [ -t <file> (use file mtime for dump time ]
                        [ -v <verbosity {silent, verbose, trace}> ]
                        [ -z <maximum file size> ]
                        [ -A (don't dump extended file attributes) ]
                        [ -B <base dump session id> ]
                        [ -D (skip unchanged directories) ]
                        [ -E (pre-erase media) ]
                        [ -F (don't prompt) ]
                        [ -I (display dump inventory) ]
                        [ -J (inhibit inventory update) ]
                        [ -K (generate format 2 dump) ]
                        [ -L <session label> ]
                        [ -M <media label> ... ]
                        [ -O <options file> ]
                        [ -R (resume) ]
                        [ -T (don't timeout dialogs) ]
                        [ -Y <I/O buffer ring length> ]
                        [ - (stdout) ]
                        [ <source (mntpnt|device)> ]
xfsdump: Dump Status: ERROR
root@centos9:~$ df -h
Filesystem                   Size  Used Avail Use% Mounted on
devtmpfs                     4.0M     0  4.0M   0% /dev
tmpfs                        1.8G     0  1.8G   0% /dev/shm
tmpfs                        726M  9.7M  716M   2% /run
/dev/mapper/centos9-root      16G  7.5G  8.6G  47% /
/dev/mapper/vg_test-lv_test  4.0G  1.6G  2.4G  40% /lvm1
/dev/mapper/centos9-tmp      5.0G   79M  5.0G   2% /tmp
/dev/sda1                   1014M  397M  618M  40% /boot
/dev/mapper/centos9-home     5.0G   92M  4.9G   2% /home
tmpfs                        363M   52K  363M   1% /run/user/42
overlay                       16G  7.5G  8.6G  47% /var/lib/docker/overlay2/aa5f9425f587d92955281876094271e6c38e1601843ecdec12ecad00a0f9b2ec/merged
tmpfs                        363M   36K  363M   1% /run/user/1000
root@centos9:~$ df -hT
Filesystem                  Type      Size  Used Avail Use% Mounted on
devtmpfs                    devtmpfs  4.0M     0  4.0M   0% /dev
tmpfs                       tmpfs     1.8G     0  1.8G   0% /dev/shm
tmpfs                       tmpfs     726M  9.7M  716M   2% /run
/dev/mapper/centos9-root    xfs        16G  7.5G  8.6G  47% /
/dev/mapper/vg_test-lv_test xfs       4.0G  1.6G  2.4G  40% /lvm1
/dev/mapper/centos9-tmp     xfs       5.0G   79M  5.0G   2% /tmp
/dev/sda1                   xfs      1014M  397M  618M  40% /boot
/dev/mapper/centos9-home    xfs       5.0G   92M  4.9G   2% /home
tmpfs                       tmpfs     363M   52K  363M   1% /run/user/42
overlay                     overlay    16G  7.5G  8.6G  47% /var/lib/docker/overlay2/aa5f9425f587d92955281876094271e6c38e1601843ecdec12ecad00a0f9b2ec/merged
tmpfs                       tmpfs     363M   36K  363M   1% /run/user/1000
root@centos9:~$ xfsdump -f /tmp/lvm1.dump /lvm1
xfsdump: using file dump (drive_simple) strategy
xfsdump: version 3.1.12 (dump format 3.0) - type ^C for status and control

 ============================= dump label dialog ==============================

please enter label for this dump session (timeout in 300 sec)
 -> LVM1
session label entered: "LVM1"

 --------------------------------- end dialog ---------------------------------

xfsdump: level 0 dump of centos9:/lvm1
xfsdump: dump date: Wed Nov 20 09:09:42 2024
xfsdump: session id: 50cda523-b28a-47cb-9b3d-38674a0ccf13
xfsdump: session label: "LVM1"
xfsdump: ino map phase 1: constructing initial dump list
xfsdump: ino map phase 2: skipping (no pruning necessary)
xfsdump: ino map phase 3: skipping (only one dump stream)
xfsdump: ino map construction complete
xfsdump: estimated dump size: 1575117696 bytes

 ============================= media label dialog =============================

please enter label for media in drive 0 (timeout in 300 sec)
 -> LVM1
media label entered: "LVM1"

 --------------------------------- end dialog ---------------------------------

xfsdump: creating dump session media file 0 (media 0, file 0)
xfsdump: dumping ino map
xfsdump: dumping directories
xfsdump: dumping non-directory files
xfsdump: ending media file
xfsdump: media file size 1552289376 bytes
xfsdump: dump size (non-dir files) : 1552204256 bytes
xfsdump: dump complete: 21 seconds elapsed
xfsdump: Dump Summary:
xfsdump:   stream 0 /tmp/lvm1.dump OK (success)
xfsdump: Dump Status: SUCCESS
root@centos9:~$ ls -lah /tmp/lvm1.dump
-rw-r--r-- 1 root root 1.5G Nov 20 09:10 /tmp/lvm1.dump
root@centos9:~$ lvs
  LV      VG      Attr       LSize  Pool Origin Data%  Meta%  Move Log Cpy%Sync Convert
  home    centos9 -wi-ao---- <5.00g
  root    centos9 -wi-ao---- 16.00g
  swap    centos9 -wi-ao----  3.00g
  tmp     centos9 -wi-ao----  5.00g
  lv_test vg_test -wi-ao---- <3.98g
root@centos9:~$
root@centos9:~$ umount /lvm1
root@centos9:~$ lvreduce -L 3G /dev/vg_test/lv_test
  File system xfs found on vg_test/lv_test.
  File system size (<3.98 GiB) is larger than the requested size (3.00 GiB).
  File system reduce is required and not supported (xfs).
root@centos9:~$
root@centos9:~$
root@centos9:~$ lvs
  LV      VG      Attr       LSize  Pool Origin Data%  Meta%  Move Log Cpy%Sync Convert
  home    centos9 -wi-ao---- <5.00g
  root    centos9 -wi-ao---- 16.00g
  swap    centos9 -wi-ao----  3.00g
  tmp     centos9 -wi-ao----  5.00g
  lv_test vg_test -wi-a----- <3.98g
root@centos9:~$ lvreduce --help
  lvreduce - Reduce the size of a logical volume

  lvreduce -L|--size [-]Size[m|UNIT] LV
        [ -l|--extents [-]Number[PERCENT] ]
        [ -A|--autobackup y|n ]
        [ -f|--force ]
        [ -n|--nofsck ]
        [ -r|--resizefs ]
        [    --noudevsync ]
        [    --reportformat basic|json|json_std ]
        [    --fs String ]
        [    --fsmode String ]
        [ COMMON_OPTIONS ]

  Common options for lvm:
        [ -d|--debug ]
        [ -h|--help ]
        [ -q|--quiet ]
        [ -v|--verbose ]
        [ -y|--yes ]
        [ -t|--test ]
        [    --commandprofile String ]
        [    --config String ]
        [    --driverloaded y|n ]
        [    --nolocking ]
        [    --lockopt String ]
        [    --longhelp ]
        [    --profile String ]
        [    --version ]
        [    --devicesfile String ]
        [    --devices PV ]
        [    --nohints ]
        [    --journal String ]

  Use --longhelp to show all options and advanced commands.
root@centos9:~$ lvreduce -L 3G /dev/vg_test/lv_test -f
  File system xfs found on vg_test/lv_test.
  File system size (<3.98 GiB) is larger than the requested size (3.00 GiB).
  File system reduce is required and not supported (xfs).
root@centos9:~$ lvs
  LV      VG      Attr       LSize  Pool Origin Data%  Meta%  Move Log Cpy%Sync Convert
  home    centos9 -wi-ao---- <5.00g
  root    centos9 -wi-ao---- 16.00g
  swap    centos9 -wi-ao----  3.00g
  tmp     centos9 -wi-ao----  5.00g
  lv_test vg_test -wi-a----- <3.98g
root@centos9:~$ lvchange --help
  lvchange - Change the attributes of logical volume(s)

  Change a general LV attribute.
  For options listed in parentheses, any one is
  required, after which the others are optional.
  lvchange
        ( -C|--contiguous y|n,
          -p|--permission rw|r,
          -r|--readahead auto|none|Number,
          -k|--setactivationskip y|n,
          -Z|--zero y|n,
          -M|--persistent n,
             --addtag Tag,
             --deltag Tag,
             --alloc contiguous|cling|cling_by_tags|normal|anywhere|inherit,
             --compression y|n,
             --deduplication y|n,
             --detachprofile,
             --metadataprofile String,
             --profile String,
             --setautoactivation y|n,
             --errorwhenfull y|n,
             --discards passdown|nopassdown|ignore,
             --cachemode writethrough|writeback|passthrough,
             --cachepolicy String,
             --cachesettings String,
             --minrecoveryrate Size[k|UNIT],
             --maxrecoveryrate Size[k|UNIT],
             --vdosettings String,
             --writebehind Number,
             --writemostly PV[:t|n|y] )
         VG|LV|Tag|Select ...
        [ -a|--activate y|n|ay ]
        [    --poll y|n ]
        [    --monitor y|n ]
        [ COMMON_OPTIONS ]

  Resyncronize a mirror or raid LV.
  Use to reset 'R' attribute on a not initially synchronized LV.
  lvchange --resync VG|LV|Tag|Select ...
        [ -a|--activate y|n|ay ]
        [ COMMON_OPTIONS ]

  Resynchronize or check a raid LV.
  lvchange --syncaction check|repair VG|LV|Tag|Select ...
        [ COMMON_OPTIONS ]

  Reconstruct data on specific PVs of a raid LV.
  lvchange --rebuild PV VG|LV|Tag|Select ...
        [ COMMON_OPTIONS ]

  Activate or deactivate an LV.
  lvchange -a|--activate y|n|ay VG|LV|Tag|Select ...
        [ -P|--partial ]
        [ -K|--ignoreactivationskip ]
        [    --activationmode partial|degraded|complete ]
        [    --poll y|n ]
        [    --monitor y|n ]
        [    --ignorelockingfailure ]
        [    --sysinit ]
        [    --readonly ]
        [ COMMON_OPTIONS ]

  Reactivate an LV using the latest metadata.
  lvchange --refresh VG|LV|Tag|Select ...
        [ -P|--partial ]
        [    --activationmode partial|degraded|complete ]
        [    --poll y|n ]
        [    --monitor y|n ]
        [ COMMON_OPTIONS ]

  Start or stop monitoring an LV from dmeventd.
  lvchange --monitor y|n VG|LV|Tag|Select ...
        [ COMMON_OPTIONS ]

  Start or stop processing an LV conversion.
  lvchange --poll y|n VG|LV|Tag|Select ...
        [    --monitor y|n ]
        [ COMMON_OPTIONS ]

  Make the minor device number persistent for an LV.
  lvchange -M|--persistent y --minor Number LV
        [ -j|--major Number ]
        [ -a|--activate y|n|ay ]
        [    --poll y|n ]
        [    --monitor y|n ]
        [ COMMON_OPTIONS ]

  Common options for command:
        [ -A|--autobackup y|n ]
        [ -f|--force ]
        [ -S|--select String ]
        [    --ignoremonitoring ]
        [    --noudevsync ]
        [    --reportformat basic|json|json_std ]

  Common options for lvm:
        [ -d|--debug ]
        [ -h|--help ]
        [ -q|--quiet ]
        [ -v|--verbose ]
        [ -y|--yes ]
        [ -t|--test ]
        [    --commandprofile String ]
        [    --config String ]
        [    --driverloaded y|n ]
        [    --nolocking ]
        [    --lockopt String ]
        [    --longhelp ]
        [    --profile String ]
        [    --version ]
        [    --devicesfile String ]
        [    --devices PV ]
        [    --nohints ]
        [    --journal String ]

  Use --longhelp to show all options and advanced commands.
root@centos9:~$ lvresize
  No command with matching syntax recognised.  Run 'lvresize --help' for more information.
root@centos9:~$ lvresize --help
  lvresize - Resize a logical volume

  Resize an LV by a specified size.
  lvresize -L|--size [+|-]Size[m|UNIT] LV
        [ -l|--extents [+|-]Number[PERCENT] ]
        [ -r|--resizefs ]
        [    --poolmetadatasize [+]Size[m|UNIT] ]
        [    --fs String ]
        [    --fsmode String ]
        [ COMMON_OPTIONS ]
        [ PV ... ]

  Resize an LV by specified PV extents.
  lvresize LV PV ...
        [ -r|--resizefs ]
        [    --fs String ]
        [    --fsmode String ]
        [ COMMON_OPTIONS ]

  Resize a pool metadata SubLV by a specified size.
  lvresize --poolmetadatasize [+]Size[m|UNIT] LV
        [ COMMON_OPTIONS ]
        [ PV ... ]

  Common options for command:
        [ -A|--autobackup y|n ]
        [ -f|--force ]
        [ -i|--stripes Number ]
        [ -I|--stripesize Size[k|UNIT] ]
        [ -n|--nofsck ]
        [    --alloc contiguous|cling|cling_by_tags|normal|anywhere|inherit ]
        [    --nosync ]
        [    --noudevsync ]
        [    --reportformat basic|json|json_std ]
        [    --type linear|striped|snapshot|raid|mirror|thin|thin-pool|vdo|vdo-pool|cache|cache-pool|writecache ]

  Common options for lvm:
        [ -d|--debug ]
        [ -h|--help ]
        [ -q|--quiet ]
        [ -v|--verbose ]
        [ -y|--yes ]
        [ -t|--test ]
        [    --commandprofile String ]
        [    --config String ]
        [    --driverloaded y|n ]
        [    --nolocking ]
        [    --lockopt String ]
        [    --longhelp ]
        [    --profile String ]
        [    --version ]
        [    --devicesfile String ]
        [    --devices PV ]
        [    --nohints ]
        [    --journal String ]

  Use --longhelp to show all options and advanced commands.
root@centos9:~$ lvresize -L 3G -r -f /dev/vg_test/lv_test
  File system xfs found on vg_test/lv_test.
  File system size (<3.98 GiB) is larger than the requested size (3.00 GiB).
  File system reduce is required and not supported (xfs).
root@centos9:~$ lvs
  LV      VG      Attr       LSize  Pool Origin Data%  Meta%  Move Log Cpy%Sync Convert
  home    centos9 -wi-ao---- <5.00g
  root    centos9 -wi-ao---- 16.00g
  swap    centos9 -wi-ao----  3.00g
  tmp     centos9 -wi-ao----  5.00g
  lv_test vg_test -wi-a----- <3.98g
root@centos9:~$ lvremove /dev/vg_test/lv_test
Do you really want to remove active logical volume vg_test/lv_test? [y/n]: y
  Logical volume "lv_test" successfully removed.
root@centos9:~$
root@centos9:~$
root@centos9:~$ lvcreate -L 2G -n lv_test vg_test
WARNING: xfs signature detected on /dev/vg_test/lv_test at offset 0. Wipe it? [y/n]: y
  Wiping xfs signature on /dev/vg_test/lv_test.
  Logical volume "lv_test" created.
root@centos9:~$
root@centos9:~$
root@centos9:~$ lvs
  LV      VG      Attr       LSize  Pool Origin Data%  Meta%  Move Log Cpy%Sync Convert
  home    centos9 -wi-ao---- <5.00g
  root    centos9 -wi-ao---- 16.00g
  swap    centos9 -wi-ao----  3.00g
  tmp     centos9 -wi-ao----  5.00g
  lv_test vg_test -wi-a-----  2.00g
root@centos9:~$ mkfs.xfs /dev/vg_test/lv_test
meta-data=/dev/vg_test/lv_test   isize=512    agcount=4, agsize=131072 blks
         =                       sectsz=512   attr=2, projid32bit=1
         =                       crc=1        finobt=1, sparse=1, rmapbt=0
         =                       reflink=1    bigtime=1 inobtcount=1 nrext64=0
data     =                       bsize=4096   blocks=524288, imaxpct=25
         =                       sunit=0      swidth=0 blks
naming   =version 2              bsize=4096   ascii-ci=0, ftype=1
log      =internal log           bsize=4096   blocks=16384, version=2
         =                       sectsz=512   sunit=0 blks, lazy-count=1
realtime =none                   extsz=4096   blocks=0, rtextents=0
root@centos9:~$
root@centos9:~$ xfsrestore -f /tmp/lvm1.dump /lvm1
xfsrestore: using file dump (drive_simple) strategy
xfsrestore: version 3.1.12 (dump format 3.0) - type ^C for status and control
xfsrestore: searching media for dump
xfsrestore: examining media file 0
xfsrestore: dump description:
xfsrestore: hostname: centos9
xfsrestore: mount point: /lvm1
xfsrestore: volume: /dev/mapper/vg_test-lv_test
xfsrestore: session time: Wed Nov 20 09:09:42 2024
xfsrestore: level: 0
xfsrestore: session label: "LVM1"
xfsrestore: media label: "LVM1"
xfsrestore: file system id: a88aef04-d94b-4e7c-896c-d1462690cdf2
xfsrestore: session id: 50cda523-b28a-47cb-9b3d-38674a0ccf13
xfsrestore: media id: a420c772-e8e0-40b7-a314-a9b86de4a379
xfsrestore: using online session inventory
xfsrestore: searching media for directory dump
xfsrestore: reading directories
xfsrestore: 43 directories and 117 entries processed
xfsrestore: directory post-processing
xfsrestore: restoring non-directory files
xfsrestore: restore complete: 3 seconds elapsed
xfsrestore: Restore Summary:
xfsrestore:   stream 0 /tmp/lvm1.dump OK (success)
xfsrestore: Restore Status: SUCCESS
root@centos9:~$ cd lin2_Nov/
root@centos9:~/lin2_Nov$ cd /lvm1/
root@centos9:/lvm1$ ls -la
total 1506316
drwxr-xr-x   3 root root        66 Nov 20 09:19 .
dr-xr-xr-x. 21 root root      4096 Nov 19 15:37 ..
-rw-r--r--   1 root root 965738496 Nov 19 15:38 bigfile
-rw-r--r--   1 root root 576716800 Nov 20 09:07 bigfile2
drwxr-xr-x   4 root root      4096 Nov 19 15:52 lin2_Nov
-rw-r--r--   1 root root        22 Nov 20 09:07 plik1
root@centos9:/lvm1$ cd lin2_Nov/
root@centos9:/lvm1/lin2_Nov$ ls -la
total 7384
drwxr-xr-x 4 root    root       4096 Nov 19 15:52 .
drwxr-xr-x 3 root    root         66 Nov 20 09:19 ..
-rw-r--r-- 1 root    root       8827 Nov 18 16:06 day1-history.txt
-rw-r--r-- 1 root    root    7435046 Nov 19 15:52 day2-history.txt
-rw-r--r-- 1 root    root        238 Nov 19 10:38 docker-web1.service
-rw-r--r-- 1 root    root        223 Nov 19 10:53 flask-app.service
drwxr-xr-x 8 root    root       4096 Nov 19 15:52 .git
-rw-r--r-- 1 root    root         35 Nov 19 12:47 hardlink
-rw-r--r-- 1 root    root         35 Nov 19 12:47 hardlink2
-rwxr-xr-x 1 root    root        673 Nov 19 11:54 lab5.sh
drwxr-xr-x 2 student student      26 Nov 19 10:44 python-app
-rw-r--r-- 1 root    root         40 Nov 18 16:02 README.md
-rw-r--r-- 1 root    root        185 Nov 19 11:49 skrypt.service
lrwxrwxrwx 1 root    root         14 Nov 20 09:19 softlink -> skrypt.service
lrwxrwxrwx 1 root    root         15 Nov 20 09:19 softlink2 -> skrypt2.service
-rw-r--r-- 1 root    root      34612 Nov 19 08:58 virtual_guest.txt
-rw-r--r-- 1 root    root      34611 Nov 19 09:00 virtual_host.txt
root@centos9:/lvm1/lin2_Nov$ cd
root@centos9:~$ cd lin2_Nov/
root@centos9:~/lin2_Nov$
root@centos9:~/lin2_Nov$
root@centos9:~/lin2_Nov$
root@centos9:~/lin2_Nov$
root@centos9:~/lin2_Nov$
root@centos9:~/lin2_Nov$ cd /lvm1/
root@centos9:/lvm1$ ls -la
total 1506316
drwxr-xr-x   3 root root        66 Nov 20 09:19 .
dr-xr-xr-x. 21 root root      4096 Nov 19 15:37 ..
-rw-r--r--   1 root root 965738496 Nov 19 15:38 bigfile
-rw-r--r--   1 root root 576716800 Nov 20 09:07 bigfile2
drwxr-xr-x   4 root root      4096 Nov 19 15:52 lin2_Nov
-rw-r--r--   1 root root        22 Nov 20 09:07 plik1
root@centos9:/lvm1$ lvcreate -L ^C
root@centos9:/lvm1$ df -h
Filesystem                Size  Used Avail Use% Mounted on
devtmpfs                  4.0M     0  4.0M   0% /dev
tmpfs                     1.8G     0  1.8G   0% /dev/shm
tmpfs                     726M  9.7M  716M   2% /run
/dev/mapper/centos9-root   16G  8.9G  7.2G  56% /
/dev/mapper/centos9-tmp   5.0G  1.6G  3.5G  31% /tmp
/dev/sda1                1014M  397M  618M  40% /boot
/dev/mapper/centos9-home  5.0G   92M  4.9G   2% /home
tmpfs                     363M   52K  363M   1% /run/user/42
overlay                    16G  8.9G  7.2G  56% /var/lib/docker/overlay2/aa5f9425f587d92955281876094271e6c38e1601843ecdec12ecad00a0f9b2ec/merged
tmpfs                     363M   36K  363M   1% /run/user/1000
root@centos9:/lvm1$ umount /lvm1
umount: /lvm1: not mounted.
root@centos9:/lvm1$
root@centos9:/lvm1$ vi /etc/fstab
root@centos9:/lvm1$ blkid
/dev/mapper/centos9-swap: UUID="a7b0345d-2e99-45c7-ab34-7a8d0ef467d5" TYPE="swap"
/dev/sdb: UUID="PnCLZ7-ilvu-xhFJ-fLrW-FjZ0-mbXU-Ffe5tR" TYPE="LVM2_member"
/dev/mapper/centos9-home: UUID="7336dc65-fa37-413c-b9c2-84bf26eb0a3a" TYPE="xfs"
/dev/sr0: UUID="2024-02-09-11-42-44-00" LABEL="CDROM" TYPE="iso9660"
/dev/mapper/vg_test-lv_test: UUID="ac6beb83-fb8b-4384-9006-547798f92df9" TYPE="xfs"
/dev/mapper/centos9-root: UUID="13588bee-955e-4cd9-ac0a-78eb9c75549d" TYPE="xfs"
/dev/sdc: UUID="VBfhjH-AR94-YLPf-SZ3M-v15g-kyaL-wMgNDb" TYPE="LVM2_member"
/dev/sda2: UUID="s6gkwq-dfkB-D10U-8yxo-aaOX-sc6q-YVqPSO" TYPE="LVM2_member" PARTUUID="b33a45fa-02"
/dev/sda1: UUID="4116e75d-9a78-42aa-88ba-aebbedf9fd02" TYPE="xfs" PARTUUID="b33a45fa-01"
/dev/sr1: UUID="2023-03-13-14-17-08-00" LABEL="CentOS-Stream-9-BaseOS-x86_64" TYPE="iso9660" PTUUID="4fad0d5d" PTTYPE="dos"
/dev/mapper/centos9-tmp: UUID="3e912e20-8d99-4f45-bf29-9c29b827c7d0" TYPE="xfs"
root@centos9:/lvm1$ q
bash: q: command not found...
root@centos9:/lvm1$ vi /etc/fstab
root@centos9:/lvm1$ mount -a
mount: (hint) your fstab has been modified, but systemd still uses
       the old version; use 'systemctl daemon-reload' to reload.
root@centos9:/lvm1$ cd
root@centos9:~$ mount -a
root@centos9:~$
root@centos9:~$
root@centos9:~$ df -h
Filesystem                   Size  Used Avail Use% Mounted on
devtmpfs                     4.0M     0  4.0M   0% /dev
tmpfs                        1.8G     0  1.8G   0% /dev/shm
tmpfs                        726M  9.7M  716M   2% /run
/dev/mapper/centos9-root      16G  8.9G  7.2G  56% /
/dev/mapper/centos9-tmp      5.0G  1.6G  3.5G  31% /tmp
/dev/sda1                   1014M  397M  618M  40% /boot
/dev/mapper/centos9-home     5.0G   92M  4.9G   2% /home
tmpfs                        363M   52K  363M   1% /run/user/42
overlay                       16G  8.9G  7.2G  56% /var/lib/docker/overlay2/aa5f9425f587d92955281876094271e6c38e1601843ecdec12ecad00a0f9b2ec/merged
tmpfs                        363M   36K  363M   1% /run/user/1000
/dev/mapper/vg_test-lv_test  2.0G   47M  1.9G   3% /lvm1
root@centos9:~$ cd /lvm1/
root@centos9:/lvm1$ ls -la
total 4
drwxr-xr-x   2 root root    6 Nov 20 09:18 .
dr-xr-xr-x. 21 root root 4096 Nov 19 15:37 ..
root@centos9:/lvm1$ cd
root@centos9:~$ xfsrestore -f /tmp/lvm1.dump /lvm1
xfsrestore: using file dump (drive_simple) strategy
xfsrestore: version 3.1.12 (dump format 3.0) - type ^C for status and control
xfsrestore: searching media for dump
xfsrestore: examining media file 0
xfsrestore: dump description:
xfsrestore: hostname: centos9
xfsrestore: mount point: /lvm1
xfsrestore: volume: /dev/mapper/vg_test-lv_test
xfsrestore: session time: Wed Nov 20 09:09:42 2024
xfsrestore: level: 0
xfsrestore: session label: "LVM1"
xfsrestore: media label: "LVM1"
xfsrestore: file system id: a88aef04-d94b-4e7c-896c-d1462690cdf2
xfsrestore: session id: 50cda523-b28a-47cb-9b3d-38674a0ccf13
xfsrestore: media id: a420c772-e8e0-40b7-a314-a9b86de4a379
xfsrestore: using online session inventory
xfsrestore: searching media for directory dump
xfsrestore: reading directories
xfsrestore: 43 directories and 117 entries processed
xfsrestore: directory post-processing
xfsrestore: restoring non-directory files
xfsrestore: restore complete: 4 seconds elapsed
xfsrestore: Restore Summary:
xfsrestore:   stream 0 /tmp/lvm1.dump OK (success)
xfsrestore: Restore Status: SUCCESS
root@centos9:~$
root@centos9:~$
root@centos9:~$ cd /lvm1/
root@centos9:/lvm1$ ls -la
total 1506312
drwxr-xr-x   3 root root        66 Nov 20 09:24 .
dr-xr-xr-x. 21 root root      4096 Nov 19 15:37 ..
-rw-r--r--   1 root root 965738496 Nov 19 15:38 bigfile
-rw-r--r--   1 root root 576716800 Nov 20 09:07 bigfile2
drwxr-xr-x   4 root root       305 Nov 19 15:52 lin2_Nov
-rw-r--r--   1 root root        22 Nov 20 09:07 plik1
root@centos9:/lvm1$ df -h
Filesystem                   Size  Used Avail Use% Mounted on
devtmpfs                     4.0M     0  4.0M   0% /dev
tmpfs                        1.8G     0  1.8G   0% /dev/shm
tmpfs                        726M  9.7M  716M   2% /run
/dev/mapper/centos9-root      16G  8.9G  7.2G  56% /
/dev/mapper/centos9-tmp      5.0G  1.6G  3.5G  31% /tmp
/dev/sda1                   1014M  397M  618M  40% /boot
/dev/mapper/centos9-home     5.0G   92M  4.9G   2% /home
tmpfs                        363M   52K  363M   1% /run/user/42
overlay                       16G  8.9G  7.2G  56% /var/lib/docker/overlay2/aa5f9425f587d92955281876094271e6c38e1601843ecdec12ecad00a0f9b2ec/merged
tmpfs                        363M   36K  363M   1% /run/user/1000
/dev/mapper/vg_test-lv_test  2.0G  1.5G  457M  78% /lvm1
root@centos9:/lvm1$ lvcreate -L 2G -s -n lv_test_snap1 /dev/vg_test/lv_test
  Volume group "vg_test" has insufficient free space (510 extents): 512 required.
root@centos9:/lvm1$ lvcreate -l 510 -s -n lv_test_snap1 /dev/vg_test/lv_test
  Logical volume "lv_test_snap1" created.
root@centos9:/lvm1$
root@centos9:/lvm1$
root@centos9:/lvm1$ lvs
  LV            VG      Attr       LSize  Pool Origin  Data%  Meta%  Move Log Cpy%Sync Convert
  home          centos9 -wi-ao---- <5.00g
  root          centos9 -wi-ao---- 16.00g
  swap          centos9 -wi-ao----  3.00g
  tmp           centos9 -wi-ao----  5.00g
  lv_test       vg_test owi-aos---  2.00g
  lv_test_snap1 vg_test swi-a-s---  1.99g      lv_test 0.00
root@centos9:/lvm1$
root@centos9:/lvm1$
root@centos9:/lvm1$
root@centos9:/lvm1$ dd if=/dev/urandom of=bigfile3 bs=1M count=20
20+0 records in
20+0 records out
20971520 bytes (21 MB, 20 MiB) copied, 0.0587668 s, 357 MB/s
root@centos9:/lvm1$ dd if=/dev/urandom of=bigfile3 bs=1M count=10
10+0 records in
10+0 records out
10485760 bytes (10 MB, 10 MiB) copied, 0.100856 s, 104 MB/s
root@centos9:/lvm1$ cp -rp /tmp/
backup/
data.log
dbus-kjxGCjVsDy
.font-unix/
hardlink2
.ICE-unix/
lvm1.dump
my-service.log
restore/
swapfile1
systemd-private-be9ea551fd824b6aa355b409a033ec51-chronyd.service-ZqQ1lT/
systemd-private-be9ea551fd824b6aa355b409a033ec51-colord.service-Z6Lq7g/
systemd-private-be9ea551fd824b6aa355b409a033ec51-dbus-broker.service-eHEU8j/
systemd-private-be9ea551fd824b6aa355b409a033ec51-kdump.service-Ddd2wQ/
systemd-private-be9ea551fd824b6aa355b409a033ec51-ModemManager.service-FYxBGQ/
systemd-private-be9ea551fd824b6aa355b409a033ec51-power-profiles-daemon.service-pD7bPU/
systemd-private-be9ea551fd824b6aa355b409a033ec51-rtkit-daemon.service-x7xQyT/
systemd-private-be9ea551fd824b6aa355b409a033ec51-switcheroo-control.service-LOhxU5/
systemd-private-be9ea551fd824b6aa355b409a033ec51-systemd-logind.service-UdAMxF/
systemd-private-be9ea551fd824b6aa355b409a033ec51-upower.service-5V7Xbf/
vmware-root_853-4022308820/
vmware-root_864-2731217831/
vmware-root_909-4021653354/
vmware-root_910-2697139510/
.X1024-lock
.X1025-lock
.X11-unix/
.XIM-unix/
root@centos9:/lvm1$ cp -rp /tmp/restore/ .
root@centos9:/lvm1$ cp -rp /tmp/data.log .
root@centos9:/lvm1$ cp -rp /tmp/backup/ .
root@centos9:/lvm1$ df -h
Filesystem                   Size  Used Avail Use% Mounted on
devtmpfs                     4.0M     0  4.0M   0% /dev
tmpfs                        1.8G     0  1.8G   0% /dev/shm
tmpfs                        726M  9.7M  716M   2% /run
/dev/mapper/centos9-root      16G  8.9G  7.2G  56% /
/dev/mapper/centos9-tmp      5.0G  1.6G  3.5G  31% /tmp
/dev/sda1                   1014M  397M  618M  40% /boot
/dev/mapper/centos9-home     5.0G   92M  4.9G   2% /home
tmpfs                        363M   52K  363M   1% /run/user/42
overlay                       16G  8.9G  7.2G  56% /var/lib/docker/overlay2/aa5f9425f587d92955281876094271e6c38e1601843ecdec12ecad00a0f9b2ec/merged
tmpfs                        363M   36K  363M   1% /run/user/1000
/dev/mapper/vg_test-lv_test  2.0G  1.6G  448M  78% /lvm1
root@centos9:/lvm1$ lvs
  LV            VG      Attr       LSize  Pool Origin  Data%  Meta%  Move Log Cpy%Sync Convert
  home          centos9 -wi-ao---- <5.00g
  root          centos9 -wi-ao---- 16.00g
  swap          centos9 -wi-ao----  3.00g
  tmp           centos9 -wi-ao----  5.00g
  lv_test       vg_test owi-aos---  2.00g
  lv_test_snap1 vg_test swi-a-s---  1.99g      lv_test 0.49
root@centos9:/lvm1$ watch -n1 lvs
root@centos9:/lvm1$
root@centos9:/lvm1$
root@centos9:/lvm1$ lvconvert --merge /dev/vg_test/lv_test
  vg_test/lv_test cannot be merged because --trackchanges was not used.
root@centos9:/lvm1$
root@centos9:/lvm1$
root@centos9:/lvm1$
root@centos9:/lvm1$ lvconvert --merge /dev/vg_test/lv_test_snap1
  Delaying merge since origin is open.
  Merging of snapshot vg_test/lv_test_snap1 will occur on next activation of vg_test/lv_test.
root@centos9:/lvm1$
root@centos9:/lvm1$
root@centos9:/lvm1$ lvs
  LV      VG      Attr       LSize  Pool Origin Data%  Meta%  Move Log Cpy%Sync Convert
  home    centos9 -wi-ao---- <5.00g
  root    centos9 -wi-ao---- 16.00g
  swap    centos9 -wi-ao----  3.00g
  tmp     centos9 -wi-ao----  5.00g
  lv_test vg_test Owi-aos---  2.00g
root@centos9:/lvm1$
root@centos9:/lvm1$
root@centos9:/lvm1$ cd
root@centos9:~$ umount /lvm1
root@centos9:~$ lvs
  LV      VG      Attr       LSize  Pool Origin Data%  Meta%  Move Log Cpy%Sync Convert
  home    centos9 -wi-ao---- <5.00g
  root    centos9 -wi-ao---- 16.00g
  swap    centos9 -wi-ao----  3.00g
  tmp     centos9 -wi-ao----  5.00g
  lv_test vg_test Owi-a-s---  2.00g
root@centos9:~$ lvs
  LV      VG      Attr       LSize  Pool Origin Data%  Meta%  Move Log Cpy%Sync Convert
  home    centos9 -wi-ao---- <5.00g
  root    centos9 -wi-ao---- 16.00g
  swap    centos9 -wi-ao----  3.00g
  tmp     centos9 -wi-ao----  5.00g
  lv_test vg_test Owi-a-s---  2.00g
root@centos9:~$
root@centos9:~$
root@centos9:~$ lvchange --refresh
  No command with matching syntax recognised.  Run 'lvchange --help' for more information.
  Nearest similar command has syntax:
  lvchange --refresh VG|LV|Tag|Select ...
  Reactivate an LV using the latest metadata.

root@centos9:~$ lvs
  LV      VG      Attr       LSize  Pool Origin Data%  Meta%  Move Log Cpy%Sync Convert
  home    centos9 -wi-ao---- <5.00g
  root    centos9 -wi-ao---- 16.00g
  swap    centos9 -wi-ao----  3.00g
  tmp     centos9 -wi-ao----  5.00g
  lv_test vg_test Owi-a-s---  2.00g
root@centos9:~$ lvs
  LV      VG      Attr       LSize  Pool Origin Data%  Meta%  Move Log Cpy%Sync Convert
  home    centos9 -wi-ao---- <5.00g
  root    centos9 -wi-ao---- 16.00g
  swap    centos9 -wi-ao----  3.00g
  tmp     centos9 -wi-ao----  5.00g
  lv_test vg_test Owi-a-s---  2.00g
root@centos9:~$ lvs
  LV      VG      Attr       LSize  Pool Origin Data%  Meta%  Move Log Cpy%Sync Convert
  home    centos9 -wi-ao---- <5.00g
  root    centos9 -wi-ao---- 16.00g
  swap    centos9 -wi-ao----  3.00g
  tmp     centos9 -wi-ao----  5.00g
  lv_test vg_test Owi-a-s---  2.00g
root@centos9:~$ lvs
  LV      VG      Attr       LSize  Pool Origin Data%  Meta%  Move Log Cpy%Sync Convert
  home    centos9 -wi-ao---- <5.00g
  root    centos9 -wi-ao---- 16.00g
  swap    centos9 -wi-ao----  3.00g
  tmp     centos9 -wi-ao----  5.00g
  lv_test vg_test Owi-a-s---  2.00g
root@centos9:~$ lvs
  LV      VG      Attr       LSize  Pool Origin Data%  Meta%  Move Log Cpy%Sync Convert
  home    centos9 -wi-ao---- <5.00g
  root    centos9 -wi-ao---- 16.00g
  swap    centos9 -wi-ao----  3.00g
  tmp     centos9 -wi-ao----  5.00g
  lv_test vg_test Owi-a-s---  2.00g
root@centos9:~$ lvchange --refresh /dev/vg_test/lv_test
root@centos9:~$
root@centos9:~$
root@centos9:~$ lvs
  LV      VG      Attr       LSize  Pool Origin Data%  Meta%  Move Log Cpy%Sync Convert
  home    centos9 -wi-ao---- <5.00g
  root    centos9 -wi-ao---- 16.00g
  swap    centos9 -wi-ao----  3.00g
  tmp     centos9 -wi-ao----  5.00g
  lv_test vg_test -wi-a-----  2.00g
root@centos9:~$
root@centos9:~$
root@centos9:~$ mount -a
mount: (hint) your fstab has been modified, but systemd still uses
       the old version; use 'systemctl daemon-reload' to reload.
root@centos9:~$ df -h
Filesystem                   Size  Used Avail Use% Mounted on
devtmpfs                     4.0M     0  4.0M   0% /dev
tmpfs                        1.8G     0  1.8G   0% /dev/shm
tmpfs                        726M  9.7M  716M   2% /run
/dev/mapper/centos9-root      16G  8.9G  7.2G  56% /
/dev/mapper/centos9-tmp      5.0G  1.6G  3.5G  31% /tmp
/dev/sda1                   1014M  397M  618M  40% /boot
/dev/mapper/centos9-home     5.0G   92M  4.9G   2% /home
tmpfs                        363M   52K  363M   1% /run/user/42
overlay                       16G  8.9G  7.2G  56% /var/lib/docker/overlay2/aa5f9425f587d92955281876094271e6c38e1601843ecdec12ecad00a0f9b2ec/merged
tmpfs                        363M   36K  363M   1% /run/user/1000
/dev/mapper/vg_test-lv_test  2.0G  1.5G  458M  77% /lvm1
root@centos9:~$ cd /lvm1/
root@centos9:/lvm1$ ls -la
total 1506312
drwxr-xr-x   3 root root        66 Nov 20 09:24 .
dr-xr-xr-x. 21 root root      4096 Nov 19 15:37 ..
-rw-r--r--   1 root root 965738496 Nov 19 15:38 bigfile
-rw-r--r--   1 root root 576716800 Nov 20 09:07 bigfile2
drwxr-xr-x   4 root root       305 Nov 19 15:52 lin2_Nov
-rw-r--r--   1 root root        22 Nov 20 09:07 plik1
root@centos9:/lvm1$
root@centos9:/lvm1$
root@centos9:/lvm1$ lvcreate -l 510 -s -n lv_test_snap1 /dev/vg_test/lv_test
  Logical volume "lv_test_snap1" created.
root@centos9:/lvm1$
root@centos9:/lvm1$
root@centos9:/lvm1$ lvs
  LV            VG      Attr       LSize  Pool Origin  Data%  Meta%  Move Log Cpy%Sync Convert
  home          centos9 -wi-ao---- <5.00g
  root          centos9 -wi-ao---- 16.00g
  swap          centos9 -wi-ao----  3.00g
  tmp           centos9 -wi-ao----  5.00g
  lv_test       vg_test owi-aos---  2.00g
  lv_test_snap1 vg_test swi-a-s---  1.99g      lv_test 0.00
root@centos9:/lvm1$ rm * -rf
root@centos9:/lvm1$ ls -la
total 4
drwxr-xr-x   2 root root    6 Nov 20 09:42 .
dr-xr-xr-x. 21 root root 4096 Nov 19 15:37 ..
root@centos9:/lvm1$ df -h
Filesystem                   Size  Used Avail Use% Mounted on
devtmpfs                     4.0M     0  4.0M   0% /dev
tmpfs                        1.8G     0  1.8G   0% /dev/shm
tmpfs                        726M  9.7M  716M   2% /run
/dev/mapper/centos9-root      16G  8.9G  7.2G  56% /
/dev/mapper/centos9-tmp      5.0G  1.6G  3.5G  31% /tmp
/dev/sda1                   1014M  397M  618M  40% /boot
/dev/mapper/centos9-home     5.0G   92M  4.9G   2% /home
tmpfs                        363M   52K  363M   1% /run/user/42
overlay                       16G  8.9G  7.2G  56% /var/lib/docker/overlay2/aa5f9425f587d92955281876094271e6c38e1601843ecdec12ecad00a0f9b2ec/merged
tmpfs                        363M   36K  363M   1% /run/user/1000
/dev/mapper/vg_test-lv_test  2.0G   47M  1.9G   3% /lvm1
root@centos9:/lvm1$ cd
root@centos9:~$ umount /lvm1
root@centos9:~$ lvconvert --merge /dev/vg_test/lv_test_snap1
  Merging of volume vg_test/lv_test_snap1 started.
  vg_test/lv_test: Merged: 100.00%
root@centos9:~$
root@centos9:~$
root@centos9:~$
root@centos9:~$ lvs
  LV      VG      Attr       LSize  Pool Origin Data%  Meta%  Move Log Cpy%Sync Convert
  home    centos9 -wi-ao---- <5.00g
  root    centos9 -wi-ao---- 16.00g
  swap    centos9 -wi-ao----  3.00g
  tmp     centos9 -wi-ao----  5.00g
  lv_test vg_test -wi-a-----  2.00g
root@centos9:~$
root@centos9:~$
root@centos9:~$ mount -a
mount: (hint) your fstab has been modified, but systemd still uses
       the old version; use 'systemctl daemon-reload' to reload.
root@centos9:~$ cd /lvm1/
root@centos9:/lvm1$ ls -la
total 1506312
drwxr-xr-x   3 root root        66 Nov 20 09:24 .
dr-xr-xr-x. 21 root root      4096 Nov 19 15:37 ..
-rw-r--r--   1 root root 965738496 Nov 19 15:38 bigfile
-rw-r--r--   1 root root 576716800 Nov 20 09:07 bigfile2
drwxr-xr-x   4 root root       305 Nov 19 15:52 lin2_Nov
-rw-r--r--   1 root root        22 Nov 20 09:07 plik1
root@centos9:/lvm1$ cat /proc/partitions
major minor  #blocks  name

   8        0   31457280 sda
   8        1    1048576 sda1
   8        2   30407680 sda2
   8       16    2097152 sdb
  11        0     111748 sr0
  11        1    9252864 sr1
 253        0   16777216 dm-0
 253        1    3145728 dm-1
 253        3    5242880 dm-3
 253        4    5238784 dm-4
   8       32    2097152 sdc
 253        2    2097152 dm-2
root@centos9:/lvm1$ umount /lvm1
umount: /lvm1: target is busy.
root@centos9:/lvm1$
root@centos9:/lvm1$
root@centos9:/lvm1$ cd
root@centos9:~$ umount /lvm1
root@centos9:~$
root@centos9:~$
root@centos9:~$ lvs
  LV      VG      Attr       LSize  Pool Origin Data%  Meta%  Move Log Cpy%Sync Convert
  home    centos9 -wi-ao---- <5.00g
  root    centos9 -wi-ao---- 16.00g
  swap    centos9 -wi-ao----  3.00g
  tmp     centos9 -wi-ao----  5.00g
  lv_test vg_test -wi-a-----  2.00g
root@centos9:~$ lvremove /dev/vg_test/lv_test
Do you really want to remove active logical volume vg_test/lv_test? [y/n]: y
  Logical volume "lv_test" successfully removed.
root@centos9:~$
root@centos9:~$
root@centos9:~$ vgremove vg_test
  Volume group "vg_test" successfully removed
root@centos9:~$ lvs
  LV   VG      Attr       LSize  Pool Origin Data%  Meta%  Move Log Cpy%Sync Convert
  home centos9 -wi-ao---- <5.00g
  root centos9 -wi-ao---- 16.00g
  swap centos9 -wi-ao----  3.00g
  tmp  centos9 -wi-ao----  5.00g
root@centos9:~$
root@centos9:~$
root@centos9:~$ vgs
  VG      #PV #LV #SN Attr   VSize   VFree
  centos9   1   4   0 wz--n- <29.00g    0
root@centos9:~$
root@centos9:~$
root@centos9:~$
root@centos9:~$ pvs
  PV         VG      Fmt  Attr PSize   PFree
  /dev/sda2  centos9 lvm2 a--  <29.00g    0
  /dev/sdb           lvm2 ---    2.00g 2.00g
  /dev/sdc           lvm2 ---    2.00g 2.00g
root@centos9:~$
root@centos9:~$ vgcreate vg1 /dev/sd[b-c]
  Volume group "vg1" successfully created
root@centos9:~$
root@centos9:~$
root@centos9:~$ vgs
  VG      #PV #LV #SN Attr   VSize   VFree
  centos9   1   4   0 wz--n- <29.00g    0
  vg1       2   0   0 wz--n-   3.99g 3.99g
root@centos9:~$
root@centos9:~$
root@centos9:~$
root@centos9:~$ lvcreate -L 100M -n lv_mirror -m1 vg1
  Logical volume "lv_mirror" created.
root@centos9:~$
root@centos9:~$
root@centos9:~$ lvcreate --help
  lvcreate - Create a logical volume

  Create a linear LV.
  lvcreate -L|--size Size[m|UNIT] VG
        [ --type linear ] (implied)
        [ -l|--extents Number[PERCENT] ]
        [ COMMON_OPTIONS ]
        [ PV ... ]

  Create a striped LV.
  lvcreate -i|--stripes Number -L|--size Size[m|UNIT] VG
        [ --type striped ] (implied)
        [ -l|--extents Number[PERCENT] ]
        [ -I|--stripesize Size[k|UNIT] ]
        [ COMMON_OPTIONS ]
        [ PV ... ]

  Create a raid1 or mirror LV.
  lvcreate -m|--mirrors Number -L|--size Size[m|UNIT] VG
        [ --type raid1|mirror ] (implied)
        [ -l|--extents Number[PERCENT] ]
        [ -I|--stripesize Size[k|UNIT] ]
        [ -R|--regionsize Size[m|UNIT] ]
        [    --mirrorlog core|disk ]
        [    --minrecoveryrate Size[k|UNIT] ]
        [    --maxrecoveryrate Size[k|UNIT] ]
        [ COMMON_OPTIONS ]
        [ PV ... ]

  Create a raid LV (a specific raid level must be used, e.g. raid1).
  lvcreate --type raid -L|--size Size[m|UNIT] VG
        [ -l|--extents Number[PERCENT] ]
        [ -i|--stripes Number ]
        [ -I|--stripesize Size[k|UNIT] ]
        [ -m|--mirrors Number ]
        [ -R|--regionsize Size[m|UNIT] ]
        [    --minrecoveryrate Size[k|UNIT] ]
        [    --maxrecoveryrate Size[k|UNIT] ]
        [    --raidintegrity y|n ]
        [    --raidintegritymode String ]
        [    --raidintegrityblocksize Number ]
        [ COMMON_OPTIONS ]
        [ PV ... ]

  Create a raid10 LV.
  lvcreate -m|--mirrors Number -i|--stripes Number -L|--size Size[m|UNIT] VG
        [ --type raid10 ] (implied)
        [ -l|--extents Number[PERCENT] ]
        [ -I|--stripesize Size[k|UNIT] ]
        [ -R|--regionsize Size[m|UNIT] ]
        [    --minrecoveryrate Size[k|UNIT] ]
        [    --maxrecoveryrate Size[k|UNIT] ]
        [ COMMON_OPTIONS ]
        [ PV ... ]

  Create a COW snapshot LV of an origin LV.
  lvcreate -s|--snapshot -L|--size Size[m|UNIT] LV
        [ --type snapshot ] (implied)
        [ -l|--extents Number[PERCENT] ]
        [ -i|--stripes Number ]
        [ -I|--stripesize Size[k|UNIT] ]
        [ -c|--chunksize Size[k|UNIT] ]
        [ COMMON_OPTIONS ]
        [ PV ... ]

  Create a thin pool.
  lvcreate --type thin-pool -L|--size Size[m|UNIT] VG
        [ -l|--extents Number[PERCENT] ]
        [ -i|--stripes Number ]
        [ -I|--stripesize Size[k|UNIT] ]
        [ -T|--thin ]
        [ -c|--chunksize Size[k|UNIT] ]
        [    --thinpool LV_new ]
        [    --discards passdown|nopassdown|ignore ]
        [    --errorwhenfull y|n ]
        [    --poolmetadatasize Size[m|UNIT] ]
        [    --poolmetadataspare y|n ]
        [ COMMON_OPTIONS ]
        [ PV ... ]

  Create a cache pool.
  lvcreate --type cache-pool -L|--size Size[m|UNIT] VG
        [ -l|--extents Number[PERCENT] ]
        [ -i|--stripes Number ]
        [ -I|--stripesize Size[k|UNIT] ]
        [ -H|--cache ]
        [ -c|--chunksize Size[k|UNIT] ]
        [    --cachemode writethrough|writeback|passthrough ]
        [    --cachepolicy String ]
        [    --cachesettings String ]
        [    --cachemetadataformat auto|1|2 ]
        [    --poolmetadatasize Size[m|UNIT] ]
        [    --poolmetadataspare y|n ]
        [ COMMON_OPTIONS ]
        [ PV ... ]

  Create a thin LV in a thin pool.
  lvcreate -V|--virtualsize Size[m|UNIT] --thinpool LV VG
        [ --type thin ] (implied)
        [ -T|--thin ]
        [ COMMON_OPTIONS ]

  Create a thin LV that is a snapshot of an existing thin LV.
  lvcreate -s|--snapshot LV
        [ --type thin ] (implied)
        [ COMMON_OPTIONS ]

  Create a thin LV that is a snapshot of an external origin LV.
  lvcreate --type thin --thinpool LV LV
        [ -T|--thin ]
        [ COMMON_OPTIONS ]

  Create a LV that returns VDO when used.
  lvcreate --type vdo -L|--size Size[m|UNIT] VG
        [ -l|--extents Number[PERCENT] ]
        [ -i|--stripes Number ]
        [ -I|--stripesize Size[k|UNIT] ]
        [ -V|--virtualsize Size[m|UNIT] ]
        [    --vdo ]
        [    --vdopool LV_new ]
        [    --compression y|n ]
        [    --deduplication y|n ]
        [    --vdosettings String ]
        [ COMMON_OPTIONS ]
        [ PV ... ]

  Create a new LV, then attach the specified cachepool
  which converts the new LV to type cache.
  lvcreate --type cache -L|--size Size[m|UNIT] --cachepool LV VG
        [ -l|--extents Number[PERCENT] ]
        [ -i|--stripes Number ]
        [ -I|--stripesize Size[k|UNIT] ]
        [ -H|--cache ]
        [ -c|--chunksize Size[k|UNIT] ]
        [    --cachemode writethrough|writeback|passthrough ]
        [    --cachepolicy String ]
        [    --cachesettings String ]
        [    --cachemetadataformat auto|1|2 ]
        [    --poolmetadatasize Size[m|UNIT] ]
        [    --poolmetadataspare y|n ]
        [ COMMON_OPTIONS ]
        [ PV ... ]

  Create a new LV, then attach the specified cachevol
  which converts the new LV to type cache.
  lvcreate --type cache -L|--size Size[m|UNIT] --cachevol LV VG
        [ -l|--extents Number[PERCENT] ]
        [ -i|--stripes Number ]
        [ -I|--stripesize Size[k|UNIT] ]
        [ -c|--chunksize Size[k|UNIT] ]
        [    --cachemode writethrough|writeback|passthrough ]
        [    --cachepolicy String ]
        [    --cachesettings String ]
        [    --cachemetadataformat auto|1|2 ]
        [ COMMON_OPTIONS ]
        [ PV ... ]

  Create a new LV, then attach a cachevol created from
  the specified cache device, which converts the
  new LV to type cache.
  lvcreate --type cache -L|--size Size[m|UNIT] --cachedevice PV VG
        [ -l|--extents Number[PERCENT] ]
        [ -i|--stripes Number ]
        [ -I|--stripesize Size[k|UNIT] ]
        [ -c|--chunksize Size[k|UNIT] ]
        [    --cachesize Size[m|UNIT] ]
        [    --cachemode writethrough|writeback|passthrough ]
        [    --cachepolicy String ]
        [    --cachesettings String ]
        [    --cachemetadataformat auto|1|2 ]
        [ COMMON_OPTIONS ]
        [ PV ... ]

  Create a new LV, then attach the specified cachevol
  which converts the new LV to type writecache.
  lvcreate --type writecache -L|--size Size[m|UNIT] --cachevol LV VG
        [ -l|--extents Number[PERCENT] ]
        [ -i|--stripes Number ]
        [ -I|--stripesize Size[k|UNIT] ]
        [    --cachesettings String ]
        [ COMMON_OPTIONS ]
        [ PV ... ]

  Create a new LV, then attach a cachevol created from
  the specified cache device, which converts the
  new LV to type writecache.
  lvcreate --type writecache -L|--size Size[m|UNIT] --cachedevice PV VG
        [ -l|--extents Number[PERCENT] ]
        [ -i|--stripes Number ]
        [ -I|--stripesize Size[k|UNIT] ]
        [    --cachesize Size[m|UNIT] ]
        [    --cachesettings String ]
        [ COMMON_OPTIONS ]
        [ PV ... ]

  Common options for command:
        [ -a|--activate y|n|ay ]
        [ -A|--autobackup y|n ]
        [ -C|--contiguous y|n ]
        [ -M|--persistent y|n ]
        [ -j|--major Number ]
        [ -k|--setactivationskip y|n ]
        [ -K|--ignoreactivationskip ]
        [ -n|--name String ]
        [ -p|--permission rw|r ]
        [ -r|--readahead auto|none|Number ]
        [ -W|--wipesignatures y|n ]
        [ -Z|--zero y|n ]
        [    --addtag Tag ]
        [    --alloc contiguous|cling|cling_by_tags|normal|anywhere|inherit ]
        [    --setautoactivation y|n ]
        [    --ignoremonitoring ]
        [    --metadataprofile String ]
        [    --minor Number ]
        [    --monitor y|n ]
        [    --nosync ]
        [    --noudevsync ]
        [    --reportformat basic|json|json_std ]

  Common options for lvm:
        [ -d|--debug ]
        [ -h|--help ]
        [ -q|--quiet ]
        [ -v|--verbose ]
        [ -y|--yes ]
        [ -t|--test ]
        [    --commandprofile String ]
        [    --config String ]
        [    --driverloaded y|n ]
        [    --nolocking ]
        [    --lockopt String ]
        [    --longhelp ]
        [    --profile String ]
        [    --version ]
        [    --devicesfile String ]
        [    --devices PV ]
        [    --nohints ]
        [    --journal String ]

  Use --longhelp to show all options and advanced commands.
root@centos9:~$
root@centos9:~$
root@centos9:~$ lvs
  LV        VG      Attr       LSize   Pool Origin Data%  Meta%  Move Log Cpy%Sync Convert
  home      centos9 -wi-ao----  <5.00g
  root      centos9 -wi-ao----  16.00g
  swap      centos9 -wi-ao----   3.00g
  tmp       centos9 -wi-ao----   5.00g
  lv_mirror vg1     rwi-a-r--- 100.00m                                    100.00
root@centos9:~$
root@centos9:~$
root@centos9:~$
root@centos9:~$ lvdisplay /dev/vg1/lv_mirror
  --- Logical volume ---
  LV Path                /dev/vg1/lv_mirror
  LV Name                lv_mirror
  VG Name                vg1
  LV UUID                0JQffe-FBJ3-f91r-n99z-btau-RGp7-TYQPjn
  LV Write Access        read/write
  LV Creation host, time centos9, 2024-11-20 09:52:37 +0100
  LV Status              available
  # open                 0
  LV Size                100.00 MiB
  Current LE             25
  Mirrored volumes       2
  Segments               1
  Allocation             inherit
  Read ahead sectors     auto
  - currently set to     256
  Block device           253:8

root@centos9:~$ lvs --help
  lvs - Display information about logical volumes

  lvs
        [ -H|--history ]
        [ -a|--all ]
        [ -o|--options String ]
        [ -S|--select String ]
        [ -O|--sort String ]
        [    --segments ]
        [    --aligned ]
        [    --binary ]
        [    --configreport log|vg|lv|pv|pvseg|seg ]
        [    --foreign ]
        [    --ignorelockingfailure ]
        [    --logonly ]
        [    --nameprefixes ]
        [    --noheadings ]
        [    --nosuffix ]
        [    --readonly ]
        [    --reportformat basic|json|json_std ]
        [    --rows ]
        [    --separator String ]
        [    --shared ]
        [    --unbuffered ]
        [    --units [Number]r|R|h|H|b|B|s|S|k|K|m|M|g|G|t|T|p|P|e|E ]
        [    --unquoted ]
        [ COMMON_OPTIONS ]
        [ VG|LV|Tag ... ]

  Common options for lvm:
        [ -d|--debug ]
        [ -h|--help ]
        [ -q|--quiet ]
        [ -v|--verbose ]
        [ -y|--yes ]
        [ -t|--test ]
        [    --commandprofile String ]
        [    --config String ]
        [    --driverloaded y|n ]
        [    --nolocking ]
        [    --lockopt String ]
        [    --longhelp ]
        [    --profile String ]
        [    --version ]
        [    --devicesfile String ]
        [    --devices PV ]
        [    --nohints ]
        [    --journal String ]

  Use --longhelp to show all options and advanced commands.
root@centos9:~$
root@centos9:~$
root@centos9:~$ lvs -a -o devices
  Devices
  /dev/sda2(6144)
  /dev/sda2(2048)
  /dev/sda2(1280)
  /dev/sda2(0)
  lv_mirror_rimage_0(0),lv_mirror_rimage_1(0)
  /dev/sdb(1)
  /dev/sdc(1)
  /dev/sdb(0)
  /dev/sdc(0)
root@centos9:~$ lvs -a -o +devices
  LV                   VG      Attr       LSize   Pool Origin Data%  Meta%  Move Log Cpy%Sync Convert Devices
  home                 centos9 -wi-ao----  <5.00g                                                     /dev/sda2(6144)
  root                 centos9 -wi-ao----  16.00g                                                     /dev/sda2(2048)
  swap                 centos9 -wi-ao----   3.00g                                                     /dev/sda2(1280)
  tmp                  centos9 -wi-ao----   5.00g                                                     /dev/sda2(0)
  lv_mirror            vg1     rwi-a-r--- 100.00m                                    100.00           lv_mirror_rimage_0(0),lv_mirror_rimage_1(0)
  [lv_mirror_rimage_0] vg1     iwi-aor--- 100.00m                                                     /dev/sdb(1)
  [lv_mirror_rimage_1] vg1     iwi-aor--- 100.00m                                                     /dev/sdc(1)
  [lv_mirror_rmeta_0]  vg1     ewi-aor---   4.00m                                                     /dev/sdb(0)
  [lv_mirror_rmeta_1]  vg1     ewi-aor---   4.00m                                                     /dev/sdc(0)
root@centos9:~$
root@centos9:~$
root@centos9:~$
root@centos9:~$
root@centos9:~$ lvcreate -L 50M -n lv_data
  No command with matching syntax recognised.  Run 'lvcreate --help' for more information.
  Nearest similar command has syntax:
  lvcreate --type error -L|--size Size[m|UNIT] VG
  Create an LV that returns errors when used.

root@centos9:~$ lvcreate -L 50M -n lv_data vg1
  Rounding up size to full physical extent 52.00 MiB
  Logical volume "lv_data" created.
root@centos9:~$
root@centos9:~$
root@centos9:~$ mkfs.ext /dev/mapper/vg1-lv_mirror
bash: mkfs.ext: command not found...
root@centos9:~$ ^C
root@centos9:~$ mkfs.ext4 /dev/mapper/vg1-lv_mirror
mke2fs 1.46.5 (30-Dec-2021)
Creating filesystem with 102400 1k blocks and 25584 inodes
Filesystem UUID: 4325004b-3782-46c6-8763-28cee42789ba
Superblock backups stored on blocks:
        8193, 24577, 40961, 57345, 73729

Allocating group tables: done
Writing inode tables: done
Creating journal (4096 blocks): done
Writing superblocks and filesystem accounting information: done

root@centos9:~$ mkfs.xfs /dev/mapper/vg1-lv_data
Filesystem should be larger than 300MB.
Log size should be at least 64MB.
Support for filesystems like this one is deprecated and they will not be supported in future releases.
meta-data=/dev/mapper/vg1-lv_data isize=512    agcount=2, agsize=6656 blks
         =                       sectsz=512   attr=2, projid32bit=1
         =                       crc=1        finobt=1, sparse=1, rmapbt=0
         =                       reflink=1    bigtime=1 inobtcount=1 nrext64=0
data     =                       bsize=4096   blocks=13312, imaxpct=25
         =                       sunit=0      swidth=0 blks
naming   =version 2              bsize=4096   ascii-ci=0, ftype=1
log      =internal log           bsize=4096   blocks=1368, version=2
         =                       sectsz=512   sunit=0 blks, lazy-count=1
realtime =none                   extsz=4096   blocks=0, rtextents=0
root@centos9:~$
root@centos9:~$
root@centos9:~$ mkdir /data /mirror
root@centos9:~$ mount /dev/mapper/vg1-lv_data /data
mount: (hint) your fstab has been modified, but systemd still uses
       the old version; use 'systemctl daemon-reload' to reload.
root@centos9:~$ mount /dev/mapper/vg1-lv_mirror /mirror/
mount: (hint) your fstab has been modified, but systemd still uses
       the old version; use 'systemctl daemon-reload' to reload.
root@centos9:~$
root@centos9:~$ ls -la
total 547496
dr-xr-x---.  8 root    root         4096 Nov 20 09:23 .
dr-xr-xr-x. 23 root    root         4096 Nov 20 09:59 ..
-rw-------.  1 root    root         1817 Feb  9  2024 anaconda-ks.cfg
-rw-r--r--   1 root    root    141518842 Nov 18 12:53 archiwum-original.tar.bz2
-rw-r--r--   1 root    root    277493760 Nov 18 12:54 archiwum.tar
-rw-r--r--   1 root    root    141518842 Nov 18 12:52 archiwum.tar.bz2
-rw-------.  1 root    root        15891 Nov 19 16:27 .bash_history
-rw-r--r--.  1 root    root           18 Aug 10  2021 .bash_logout
-rw-r--r--.  1 root    root          141 Aug 10  2021 .bash_profile
-rw-r--r--.  1 root    root          527 Feb  9  2024 .bashrc
drwx------.  2 root    root            6 Feb  9  2024 .cache
drwx------   4 root    root           32 Nov 18 15:41 .config
-rw-r--r--.  1 root    root          100 Aug 10  2021 .cshrc
-rw-r--r--   1 root    root           88 Nov 18 16:06 .gitconfig
-rw-------   1 root    root           77 Nov 19 15:50 .git-credentials
-rw-------   1 root    root           52 Nov 19 16:25 .lesshst
drwxr-xr-x   4 root    root         4096 Nov 19 15:52 lin2_Nov
drwx------.  2 root    root            6 Feb  9  2024 .ssh
drwxr-xr-x   2 root    root            6 Nov 18 12:54 tar-bin
-rw-r--r--.  1 root    root          129 Aug 10  2021 .tcshrc
-rw-r--r--   1 tcpdump tcpdump     12174 Nov 18 15:07 traffic2-ssh.pcap
-rw-r--r--   1 tcpdump tcpdump      2672 Nov 18 15:02 traffic-k8s-master.pcap
drwxr-xr-x   3 root    root           17 Nov 18 12:56 usr
-rw-------   1 root    root        11315 Nov 20 09:23 .viminfo
-rw-r--r--.  1 root    root           11 Feb  9  2024 .vimrc
root@centos9:~$ df -h
Filesystem                 Size  Used Avail Use% Mounted on
devtmpfs                   4.0M     0  4.0M   0% /dev
tmpfs                      1.8G     0  1.8G   0% /dev/shm
tmpfs                      726M  9.7M  716M   2% /run
/dev/mapper/centos9-root    16G  8.9G  7.2G  56% /
/dev/mapper/centos9-tmp    5.0G  1.6G  3.5G  31% /tmp
/dev/sda1                 1014M  397M  618M  40% /boot
/dev/mapper/centos9-home   5.0G   92M  4.9G   2% /home
tmpfs                      363M   52K  363M   1% /run/user/42
overlay                     16G  8.9G  7.2G  56% /var/lib/docker/overlay2/aa5f9425f587d92955281876094271e6c38e1601843ecdec12ecad00a0f9b2ec/merged
tmpfs                      363M   36K  363M   1% /run/user/1000
/dev/mapper/vg1-lv_data     47M  3.1M   44M   7% /data
/dev/mapper/vg1-lv_mirror   89M   14K   82M   1% /mirror
root@centos9:~$ systemctl daemon-reload
root@centos9:~$
root@centos9:~$
root@centos9:~$ dd if=/dev/urandom of=/data/random1 bs=1M count=10
10+0 records in
10+0 records out
10485760 bytes (10 MB, 10 MiB) copied, 0.0372895 s, 281 MB/s
root@centos9:~$ dd if=/dev/urandom of=/data/random2 bs=1M count=15
15+0 records in
15+0 records out
15728640 bytes (16 MB, 15 MiB) copied, 0.058934 s, 267 MB/s
root@centos9:~$ dd if=/dev/urandom of=/mirror/random1 bs=1M count=10
10+0 records in
10+0 records out
10485760 bytes (10 MB, 10 MiB) copied, 0.0513824 s, 204 MB/s
root@centos9:~$ dd if=/dev/urandom of=/mirror/random2 bs=1M count=20
20+0 records in
20+0 records out
20971520 bytes (21 MB, 20 MiB) copied, 0.0721671 s, 291 MB/s
root@centos9:~$ dd if=/dev/urandom of=/mirror/random3 bs=1M count=40
40+0 records in
40+0 records out
41943040 bytes (42 MB, 40 MiB) copied, 0.287335 s, 146 MB/s
root@centos9:~$
root@centos9:~$
root@centos9:~$ df -h
Filesystem                 Size  Used Avail Use% Mounted on
devtmpfs                   4.0M     0  4.0M   0% /dev
tmpfs                      1.8G     0  1.8G   0% /dev/shm
tmpfs                      726M  9.7M  716M   2% /run
/dev/mapper/centos9-root    16G  8.9G  7.2G  56% /
/dev/mapper/centos9-tmp    5.0G  1.6G  3.5G  31% /tmp
/dev/sda1                 1014M  397M  618M  40% /boot
/dev/mapper/centos9-home   5.0G   92M  4.9G   2% /home
tmpfs                      363M   52K  363M   1% /run/user/42
overlay                     16G  8.9G  7.2G  56% /var/lib/docker/overlay2/aa5f9425f587d92955281876094271e6c38e1601843ecdec12ecad00a0f9b2ec/merged
tmpfs                      363M   36K  363M   1% /run/user/1000
/dev/mapper/vg1-lv_data     47M   29M   19M  61% /data
/dev/mapper/vg1-lv_mirror   89M   71M   12M  87% /mirror
root@centos9:~$ lvcreate -L 50M -s -n lv_data_snap /dev/vg1/lv_data
  Rounding up size to full physical extent 52.00 MiB
  Logical volume "lv_data_snap" created.
root@centos9:~$
root@centos9:~$
root@centos9:~$ lvs
  LV           VG      Attr       LSize   Pool Origin  Data%  Meta%  Move Log Cpy%Sync Convert
  home         centos9 -wi-ao----  <5.00g
  root         centos9 -wi-ao----  16.00g
  swap         centos9 -wi-ao----   3.00g
  tmp          centos9 -wi-ao----   5.00g
  lv_data      vg1     owi-aos---  52.00m
  lv_data_snap vg1     swi-a-s---  52.00m      lv_data 0.00
  lv_mirror    vg1     rwi-aor--- 100.00m                                     100.00
root@centos9:~$
root@centos9:~$
root@centos9:~$ cd /data
root@centos9:/data$ rm -rf *
root@centos9:/data$ df -h
Filesystem                 Size  Used Avail Use% Mounted on
devtmpfs                   4.0M     0  4.0M   0% /dev
tmpfs                      1.8G     0  1.8G   0% /dev/shm
tmpfs                      726M  9.7M  716M   2% /run
/dev/mapper/centos9-root    16G  8.9G  7.2G  56% /
/dev/mapper/centos9-tmp    5.0G  1.6G  3.5G  31% /tmp
/dev/sda1                 1014M  397M  618M  40% /boot
/dev/mapper/centos9-home   5.0G   92M  4.9G   2% /home
tmpfs                      363M   52K  363M   1% /run/user/42
overlay                     16G  8.9G  7.2G  56% /var/lib/docker/overlay2/aa5f9425f587d92955281876094271e6c38e1601843ecdec12ecad00a0f9b2ec/merged
tmpfs                      363M   36K  363M   1% /run/user/1000
/dev/mapper/vg1-lv_data     47M  3.1M   44M   7% /data
/dev/mapper/vg1-lv_mirror   89M   71M   12M  87% /mirror
root@centos9:/data$
root@centos9:/data$ cd
root@centos9:~$ umount /data
root@centos9:~$ lvconvert --merge /dev/vg1/lv_data_snap
  Merging of volume vg1/lv_data_snap started.
  vg1/lv_data: Merged: 100.00%
root@centos9:~$ df -h
Filesystem                 Size  Used Avail Use% Mounted on
devtmpfs                   4.0M     0  4.0M   0% /dev
tmpfs                      1.8G     0  1.8G   0% /dev/shm
tmpfs                      726M  9.7M  716M   2% /run
/dev/mapper/centos9-root    16G  8.9G  7.2G  56% /
/dev/mapper/centos9-tmp    5.0G  1.6G  3.5G  31% /tmp
/dev/sda1                 1014M  397M  618M  40% /boot
/dev/mapper/centos9-home   5.0G   92M  4.9G   2% /home
tmpfs                      363M   52K  363M   1% /run/user/42
overlay                     16G  8.9G  7.2G  56% /var/lib/docker/overlay2/aa5f9425f587d92955281876094271e6c38e1601843ecdec12ecad00a0f9b2ec/merged
tmpfs                      363M   36K  363M   1% /run/user/1000
/dev/mapper/vg1-lv_mirror   89M   71M   12M  87% /mirror
root@centos9:~$ mount /dev/vg1/lv_data /data
root@centos9:~$ df -h
Filesystem                 Size  Used Avail Use% Mounted on
devtmpfs                   4.0M     0  4.0M   0% /dev
tmpfs                      1.8G     0  1.8G   0% /dev/shm
tmpfs                      726M  9.7M  716M   2% /run
/dev/mapper/centos9-root    16G  8.9G  7.2G  56% /
/dev/mapper/centos9-tmp    5.0G  1.6G  3.5G  31% /tmp
/dev/sda1                 1014M  397M  618M  40% /boot
/dev/mapper/centos9-home   5.0G   92M  4.9G   2% /home
tmpfs                      363M   52K  363M   1% /run/user/42
overlay                     16G  8.9G  7.2G  56% /var/lib/docker/overlay2/aa5f9425f587d92955281876094271e6c38e1601843ecdec12ecad00a0f9b2ec/merged
tmpfs                      363M   36K  363M   1% /run/user/1000
/dev/mapper/vg1-lv_mirror   89M   71M   12M  87% /mirror
/dev/mapper/vg1-lv_data     47M   29M   19M  61% /data
root@centos9:~$ cd /data
root@centos9:/data$ ls -la
total 25604
drwxr-xr-x   2 root root       36 Nov 20 10:00 .
dr-xr-xr-x. 23 root root     4096 Nov 20 09:59 ..
-rw-r--r--   1 root root 10485760 Nov 20 10:00 random1
-rw-r--r--   1 root root 15728640 Nov 20 10:00 random2
root@centos9:/data$ lvs -a -o +devices
  LV                   VG      Attr       LSize   Pool Origin Data%  Meta%  Move Log Cpy%Sync Convert Devices
  home                 centos9 -wi-ao----  <5.00g                                                     /dev/sda2(6144)
  root                 centos9 -wi-ao----  16.00g                                                     /dev/sda2(2048)
  swap                 centos9 -wi-ao----   3.00g                                                     /dev/sda2(1280)
  tmp                  centos9 -wi-ao----   5.00g                                                     /dev/sda2(0)
  lv_data              vg1     -wi-ao----  52.00m                                                     /dev/sdb(26)
  lv_mirror            vg1     rwi-aor--- 100.00m                                    100.00           lv_mirror_rimage_0(0),lv_mirror_rimage_1(0)
  [lv_mirror_rimage_0] vg1     iwi-aor--- 100.00m                                                     /dev/sdb(1)
  [lv_mirror_rimage_1] vg1     iwi-aor--- 100.00m                                                     /dev/sdc(1)
  [lv_mirror_rmeta_0]  vg1     ewi-aor---   4.00m                                                     /dev/sdb(0)
  [lv_mirror_rmeta_1]  vg1     ewi-aor---   4.00m                                                     /dev/sdc(0)
root@centos9:/data$ cd /mirror/
root@centos9:/mirror$ ls -la
total 71697
drwxr-xr-x   3 root root     1024 Nov 20 10:01 .
dr-xr-xr-x. 23 root root     4096 Nov 20 09:59 ..
drwx------   2 root root    12288 Nov 20 09:58 lost+found
-rw-r--r--   1 root root 10485760 Nov 20 10:00 random1
-rw-r--r--   1 root root 20971520 Nov 20 10:01 random2
-rw-r--r--   1 root root 41943040 Nov 20 10:01 random3
root@centos9:/mirror$ lvs
  WARNING: Couldn't find device with uuid VBfhjH-AR94-YLPf-SZ3M-v15g-kyaL-wMgNDb.
  WARNING: VG vg1 is missing PV VBfhjH-AR94-YLPf-SZ3M-v15g-kyaL-wMgNDb (last written to /dev/sdc).
  WARNING: Couldn't find all devices for LV vg1/lv_mirror_rimage_1 while checking used and assumed devices.
  WARNING: Couldn't find all devices for LV vg1/lv_mirror_rmeta_1 while checking used and assumed devices.
  LV        VG      Attr       LSize   Pool Origin Data%  Meta%  Move Log Cpy%Sync Convert
  home      centos9 -wi-ao----  <5.00g
  root      centos9 -wi-ao----  16.00g
  swap      centos9 -wi-ao----   3.00g
  tmp       centos9 -wi-ao----   5.00g
  lv_data   vg1     -wi-ao----  52.00m
  lv_mirror vg1     rwi-aor-p- 100.00m                                    100.00
root@centos9:/mirror$
root@centos9:/mirror$ lvs -a -o +devices
  WARNING: Couldn't find device with uuid VBfhjH-AR94-YLPf-SZ3M-v15g-kyaL-wMgNDb.
  WARNING: VG vg1 is missing PV VBfhjH-AR94-YLPf-SZ3M-v15g-kyaL-wMgNDb (last written to /dev/sdc).
  WARNING: Couldn't find all devices for LV vg1/lv_mirror_rimage_1 while checking used and assumed devices.
  WARNING: Couldn't find all devices for LV vg1/lv_mirror_rmeta_1 while checking used and assumed devices.
  LV                   VG      Attr       LSize   Pool Origin Data%  Meta%  Move Log Cpy%Sync Convert Devices
  home                 centos9 -wi-ao----  <5.00g                                                     /dev/sda2(6144)
  root                 centos9 -wi-ao----  16.00g                                                     /dev/sda2(2048)
  swap                 centos9 -wi-ao----   3.00g                                                     /dev/sda2(1280)
  tmp                  centos9 -wi-ao----   5.00g                                                     /dev/sda2(0)
  lv_data              vg1     -wi-ao----  52.00m                                                     /dev/sdb(26)
  lv_mirror            vg1     rwi-aor-p- 100.00m                                    100.00           lv_mirror_rimage_0(0),lv_mirror_rimage_1(0)
  [lv_mirror_rimage_0] vg1     iwi-aor--- 100.00m                                                     /dev/sdb(1)
  [lv_mirror_rimage_1] vg1     Iwi-aor-p- 100.00m                                                     [unknown](1)
  [lv_mirror_rmeta_0]  vg1     ewi-aor---   4.00m                                                     /dev/sdb(0)
  [lv_mirror_rmeta_1]  vg1     ewi-aor-p-   4.00m                                                     [unknown](0)
root@centos9:/mirror$ ls -la
total 71697
drwxr-xr-x   3 root root     1024 Nov 20 10:01 .
dr-xr-xr-x. 23 root root     4096 Nov 20 09:59 ..
drwx------   2 root root    12288 Nov 20 09:58 lost+found
-rw-r--r--   1 root root 10485760 Nov 20 10:00 random1
-rw-r--r--   1 root root 20971520 Nov 20 10:01 random2
-rw-r--r--   1 root root 41943040 Nov 20 10:01 random3
root@centos9:/mirror$
root@centos9:/mirror$
root@centos9:/mirror$ lvs
  WARNING: Couldn't find device with uuid VBfhjH-AR94-YLPf-SZ3M-v15g-kyaL-wMgNDb.
  WARNING: VG vg1 is missing PV VBfhjH-AR94-YLPf-SZ3M-v15g-kyaL-wMgNDb (last written to /dev/sdc).
  WARNING: Couldn't find all devices for LV vg1/lv_mirror_rimage_1 while checking used and assumed devices.
  WARNING: Couldn't find all devices for LV vg1/lv_mirror_rmeta_1 while checking used and assumed devices.
  LV        VG      Attr       LSize   Pool Origin Data%  Meta%  Move Log Cpy%Sync Convert
  home      centos9 -wi-ao----  <5.00g
  root      centos9 -wi-ao----  16.00g
  swap      centos9 -wi-ao----   3.00g
  tmp       centos9 -wi-ao----   5.00g
  lv_data   vg1     -wi-ao----  52.00m
  lv_mirror vg1     rwi-aor-p- 100.00m                                    100.00
root@centos9:/mirror$
root@centos9:/mirror$
root@centos9:/mirror$ cd
root@centos9:~$ df -h
Filesystem                 Size  Used Avail Use% Mounted on
devtmpfs                   4.0M     0  4.0M   0% /dev
tmpfs                      1.8G     0  1.8G   0% /dev/shm
tmpfs                      726M  9.7M  716M   2% /run
/dev/mapper/centos9-root    16G  8.9G  7.2G  56% /
/dev/mapper/centos9-tmp    5.0G  1.6G  3.5G  31% /tmp
/dev/sda1                 1014M  397M  618M  40% /boot
/dev/mapper/centos9-home   5.0G   92M  4.9G   2% /home
tmpfs                      363M   52K  363M   1% /run/user/42
overlay                     16G  8.9G  7.2G  56% /var/lib/docker/overlay2/aa5f9425f587d92955281876094271e6c38e1601843ecdec12ecad00a0f9b2ec/merged
tmpfs                      363M   36K  363M   1% /run/user/1000
/dev/mapper/vg1-lv_mirror   89M   71M   12M  87% /mirror
/dev/mapper/vg1-lv_data     47M   29M   19M  61% /data
root@centos9:~$ cd /mirror
root@centos9:/mirror$ ls -la
total 71697
drwxr-xr-x   3 root root     1024 Nov 20 10:01 .
dr-xr-xr-x. 23 root root     4096 Nov 20 09:59 ..
drwx------   2 root root    12288 Nov 20 09:58 lost+found
-rw-r--r--   1 root root 10485760 Nov 20 10:00 random1
-rw-r--r--   1 root root 20971520 Nov 20 10:01 random2
-rw-r--r--   1 root root 41943040 Nov 20 10:01 random3
root@centos9:/mirror$
root@centos9:/mirror$
root@centos9:/mirror$
root@centos9:/mirror$ cd
root@centos9:~$ umount /data /mirror
root@centos9:~$ df -g
df: invalid option -- 'g'
Try 'df --help' for more information.
root@centos9:~$ df -h
Filesystem                Size  Used Avail Use% Mounted on
devtmpfs                  4.0M     0  4.0M   0% /dev
tmpfs                     1.8G     0  1.8G   0% /dev/shm
tmpfs                     726M  9.7M  716M   2% /run
/dev/mapper/centos9-root   16G  8.9G  7.2G  56% /
/dev/mapper/centos9-tmp   5.0G  1.6G  3.5G  31% /tmp
/dev/sda1                1014M  397M  618M  40% /boot
/dev/mapper/centos9-home  5.0G   92M  4.9G   2% /home
tmpfs                     363M   52K  363M   1% /run/user/42
overlay                    16G  8.9G  7.2G  56% /var/lib/docker/overlay2/aa5f9425f587d92955281876094271e6c38e1601843ecdec12ecad00a0f9b2ec/merged
tmpfs                     363M   36K  363M   1% /run/user/1000
root@centos9:~$ lvremove /dev/vg1/lv_data
  WARNING: Couldn't find device with uuid VBfhjH-AR94-YLPf-SZ3M-v15g-kyaL-wMgNDb.
  WARNING: VG vg1 is missing PV VBfhjH-AR94-YLPf-SZ3M-v15g-kyaL-wMgNDb (last written to /dev/sdc).
  WARNING: Couldn't find device with uuid VBfhjH-AR94-YLPf-SZ3M-v15g-kyaL-wMgNDb.
Do you really want to remove active logical volume vg1/lv_data? [y/n]: y
  WARNING: Couldn't find device with uuid VBfhjH-AR94-YLPf-SZ3M-v15g-kyaL-wMgNDb.
  Logical volume "lv_data" successfully removed.
root@centos9:~$ lvremove /dev/vg1/lv_mirror
  WARNING: Couldn't find device with uuid VBfhjH-AR94-YLPf-SZ3M-v15g-kyaL-wMgNDb.
  WARNING: VG vg1 is missing PV VBfhjH-AR94-YLPf-SZ3M-v15g-kyaL-wMgNDb (last written to [unknown]).
  WARNING: Couldn't find device with uuid VBfhjH-AR94-YLPf-SZ3M-v15g-kyaL-wMgNDb.
Do you really want to remove active logical volume vg1/lv_mirror? [y/n]: y
  WARNING: Couldn't find device with uuid VBfhjH-AR94-YLPf-SZ3M-v15g-kyaL-wMgNDb.
  Logical volume "lv_mirror" successfully removed.
root@centos9:~$
root@centos9:~$
root@centos9:~$ vgremove vg1
  WARNING: Couldn't find device with uuid VBfhjH-AR94-YLPf-SZ3M-v15g-kyaL-wMgNDb.
  WARNING: VG vg1 is missing PV VBfhjH-AR94-YLPf-SZ3M-v15g-kyaL-wMgNDb (last written to [unknown]).
  WARNING: Couldn't find device with uuid VBfhjH-AR94-YLPf-SZ3M-v15g-kyaL-wMgNDb.
  Volume group "vg1" not found, is inconsistent or has PVs missing.
  Consider vgreduce --removemissing if metadata is inconsistent.
root@centos9:~$ vgremove vg1 --removemissing
vgremove: unrecognized option '--removemissing'
  Error during parsing of command line.
root@centos9:~$ vgreduce --removemissing
  No command with matching syntax recognised.  Run 'vgreduce --help' for more information.
  Nearest similar command has syntax:
  vgreduce --removemissing VG
  Remove all missing PVs from a VG.

root@centos9:~$
root@centos9:~$
root@centos9:~$ vgs
  WARNING: Couldn't find device with uuid VBfhjH-AR94-YLPf-SZ3M-v15g-kyaL-wMgNDb.
  WARNING: VG vg1 is missing PV VBfhjH-AR94-YLPf-SZ3M-v15g-kyaL-wMgNDb (last written to [unknown]).
  VG      #PV #LV #SN Attr   VSize   VFree
  centos9   1   4   0 wz--n- <29.00g    0
  vg1       2   0   0 wz-pn-   3.99g 3.99g
root@centos9:~$ vgremove vg1
  WARNING: Couldn't find device with uuid VBfhjH-AR94-YLPf-SZ3M-v15g-kyaL-wMgNDb.
  WARNING: VG vg1 is missing PV VBfhjH-AR94-YLPf-SZ3M-v15g-kyaL-wMgNDb (last written to [unknown]).
  WARNING: Couldn't find device with uuid VBfhjH-AR94-YLPf-SZ3M-v15g-kyaL-wMgNDb.
  Volume group "vg1" not found, is inconsistent or has PVs missing.
  Consider vgreduce --removemissing if metadata is inconsistent.
root@centos9:~$
root@centos9:~$
root@centos9:~$ vgs
  WARNING: Couldn't find device with uuid VBfhjH-AR94-YLPf-SZ3M-v15g-kyaL-wMgNDb.
  WARNING: VG vg1 is missing PV VBfhjH-AR94-YLPf-SZ3M-v15g-kyaL-wMgNDb (last written to [unknown]).
  VG      #PV #LV #SN Attr   VSize   VFree
  centos9   1   4   0 wz--n- <29.00g    0
  vg1       2   0   0 wz-pn-   3.99g 3.99g
root@centos9:~$
root@centos9:~$ vgreduce --removemissing /dev/sdc
  Volume group "sdc" not found
  Cannot process volume group sdc
root@centos9:~$ vgs
  WARNING: Couldn't find device with uuid VBfhjH-AR94-YLPf-SZ3M-v15g-kyaL-wMgNDb.
  WARNING: VG vg1 is missing PV VBfhjH-AR94-YLPf-SZ3M-v15g-kyaL-wMgNDb (last written to [unknown]).
  VG      #PV #LV #SN Attr   VSize   VFree
  centos9   1   4   0 wz--n- <29.00g    0
  vg1       2   0   0 wz-pn-   3.99g 3.99g
root@centos9:~$ vgdisplay
  WARNING: Couldn't find device with uuid VBfhjH-AR94-YLPf-SZ3M-v15g-kyaL-wMgNDb.
  WARNING: VG vg1 is missing PV VBfhjH-AR94-YLPf-SZ3M-v15g-kyaL-wMgNDb (last written to [unknown]).
  --- Volume group ---
  VG Name               vg1
  System ID
  Format                lvm2
  Metadata Areas        1
  Metadata Sequence No  11
  VG Access             read/write
  VG Status             resizable
  MAX LV                0
  Cur LV                0
  Open LV               0
  Max PV                0
  Cur PV                2
  Act PV                1
  VG Size               3.99 GiB
  PE Size               4.00 MiB
  Total PE              1022
  Alloc PE / Size       0 / 0
  Free  PE / Size       1022 / 3.99 GiB
  VG UUID               LDIIQh-1fjA-tbP4-MrC7-Bo5y-4C9o-SSCepO

  --- Volume group ---
  VG Name               centos9
  System ID
  Format                lvm2
  Metadata Areas        1
  Metadata Sequence No  5
  VG Access             read/write
  VG Status             resizable
  MAX LV                0
  Cur LV                4
  Open LV               4
  Max PV                0
  Cur PV                1
  Act PV                1
  VG Size               <29.00 GiB
  PE Size               4.00 MiB
  Total PE              7423
  Alloc PE / Size       7423 / <29.00 GiB
  Free  PE / Size       0 / 0
  VG UUID               QjjLFC-rW38-NE7p-1ico-Kokf-mwev-17i3Qj

root@centos9:~$
root@centos9:~$
root@centos9:~$ vgremove vg1
  WARNING: Couldn't find device with uuid VBfhjH-AR94-YLPf-SZ3M-v15g-kyaL-wMgNDb.
  WARNING: VG vg1 is missing PV VBfhjH-AR94-YLPf-SZ3M-v15g-kyaL-wMgNDb (last written to [unknown]).
  WARNING: Couldn't find device with uuid VBfhjH-AR94-YLPf-SZ3M-v15g-kyaL-wMgNDb.
  Volume group "vg1" not found, is inconsistent or has PVs missing.
  Consider vgreduce --removemissing if metadata is inconsistent.
root@centos9:~$
root@centos9:~$ vgs
  WARNING: Couldn't find device with uuid VBfhjH-AR94-YLPf-SZ3M-v15g-kyaL-wMgNDb.
  WARNING: VG vg1 is missing PV VBfhjH-AR94-YLPf-SZ3M-v15g-kyaL-wMgNDb (last written to [unknown]).
  VG      #PV #LV #SN Attr   VSize   VFree
  centos9   1   4   0 wz--n- <29.00g    0
  vg1       2   0   0 wz-pn-   3.99g 3.99g
root@centos9:~$
root@centos9:~$
root@centos9:~$ vg
vgcfgbackup      vgck             vgdisplay        vgimport         vgmerge          vgremove         vgscan
vgcfgrestore     vgconvert        vgexport         vgimportclone    vgmknodes        vgrename         vgsplit
vgchange         vgcreate         vgextend         vgimportdevices  vgreduce         vgs
root@centos9:~$ vg
vgcfgbackup      vgck             vgdisplay        vgimport         vgmerge          vgremove         vgscan
vgcfgrestore     vgconvert        vgexport         vgimportclone    vgmknodes        vgrename         vgsplit
vgchange         vgcreate         vgextend         vgimportdevices  vgreduce         vgs
root@centos9:~$ vgreduce --removemissing --force
  No command with matching syntax recognised.  Run 'vgreduce --help' for more information.
  Nearest similar command has syntax:
  vgreduce --removemissing VG
  Remove all missing PVs from a VG.

root@centos9:~$ vgs
  WARNING: Couldn't find device with uuid VBfhjH-AR94-YLPf-SZ3M-v15g-kyaL-wMgNDb.
  WARNING: VG vg1 is missing PV VBfhjH-AR94-YLPf-SZ3M-v15g-kyaL-wMgNDb (last written to [unknown]).
  VG      #PV #LV #SN Attr   VSize   VFree
  centos9   1   4   0 wz--n- <29.00g    0
  vg1       2   0   0 wz-pn-   3.99g 3.99g
root@centos9:~$ vgreduce --removemissing --force vg1
  WARNING: Couldn't find device with uuid VBfhjH-AR94-YLPf-SZ3M-v15g-kyaL-wMgNDb.
  WARNING: VG vg1 is missing PV VBfhjH-AR94-YLPf-SZ3M-v15g-kyaL-wMgNDb (last written to [unknown]).
  WARNING: Couldn't find device with uuid VBfhjH-AR94-YLPf-SZ3M-v15g-kyaL-wMgNDb.
  Wrote out consistent volume group vg1.
root@centos9:~$
root@centos9:~$
root@centos9:~$ vgs
  VG      #PV #LV #SN Attr   VSize   VFree
  centos9   1   4   0 wz--n- <29.00g     0
  vg1       1   0   0 wz--n-  <2.00g <2.00g
root@centos9:~$ vgremove vg1
  Volume group "vg1" successfully removed
root@centos9:~$ pvremove /dev/sdb
  Labels on physical volume "/dev/sdb" successfully wiped.
root@centos9:~$ pvs
  PV         VG      Fmt  Attr PSize   PFree
  /dev/sda2  centos9 lvm2 a--  <29.00g    0
root@centos9:~$
root@centos9:~$
root@centos9:~$ wipefs -a /dev/sdb
root@centos9:~$ fsik /dev/sdb
bash: fsik: command not found...
root@centos9:~$ fdisk /dev/sdb

Welcome to fdisk (util-linux 2.37.4).
Changes will remain in memory only, until you decide to write them.
Be careful before using the write command.

Device does not contain a recognized partition table.
Created a new DOS disklabel with disk identifier 0xd87bff18.

Command (m for help): n
Partition type
   p   primary (0 primary, 0 extended, 4 free)
   e   extended (container for logical partitions)
Select (default p): p
Partition number (1-4, default 1):
First sector (2048-4194303, default 2048):
Last sector, +/-sectors or +/-size{K,M,G,T,P} (2048-4194303, default 4194303): +1G

Created a new partition 1 of type 'Linux' and of size 1 GiB.

Command (m for help): m

Help:

  DOS (MBR)
   a   toggle a bootable flag
   b   edit nested BSD disklabel
   c   toggle the dos compatibility flag

  Generic
   d   delete a partition
   F   list free unpartitioned space
   l   list known partition types
   n   add a new partition
   p   print the partition table
   t   change a partition type
   v   verify the partition table
   i   print information about a partition

  Misc
   m   print this menu
   u   change display/entry units
   x   extra functionality (experts only)

  Script
   I   load disk layout from sfdisk script file
   O   dump disk layout to sfdisk script file

  Save & Exit
   w   write table to disk and exit
   q   quit without saving changes

  Create a new label
   g   create a new empty GPT partition table
   G   create a new empty SGI (IRIX) partition table
   o   create a new empty DOS partition table
   s   create a new empty Sun partition table


Command (m for help): t
Selected partition 1
Hex code or alias (type L to list all): L

00 Empty            24 NEC DOS          81 Minix / old Lin  bf Solaris
01 FAT12            27 Hidden NTFS Win  82 Linux swap / So  c1 DRDOS/sec (FAT-
02 XENIX root       39 Plan 9           83 Linux            c4 DRDOS/sec (FAT-
03 XENIX usr        3c PartitionMagic   84 OS/2 hidden or   c6 DRDOS/sec (FAT-
04 FAT16 <32M       40 Venix 80286      85 Linux extended   c7 Syrinx
05 Extended         41 PPC PReP Boot    86 NTFS volume set  da Non-FS data
06 FAT16            42 SFS              87 NTFS volume set  db CP/M / CTOS / .
07 HPFS/NTFS/exFAT  4d QNX4.x           88 Linux plaintext  de Dell Utility
08 AIX              4e QNX4.x 2nd part  8e Linux LVM        df BootIt
09 AIX bootable     4f QNX4.x 3rd part  93 Amoeba           e1 DOS access
0a OS/2 Boot Manag  50 OnTrack DM       94 Amoeba BBT       e3 DOS R/O
0b W95 FAT32        51 OnTrack DM6 Aux  9f BSD/OS           e4 SpeedStor
0c W95 FAT32 (LBA)  52 CP/M             a0 IBM Thinkpad hi  ea Linux extended
0e W95 FAT16 (LBA)  53 OnTrack DM6 Aux  a5 FreeBSD          eb BeOS fs
0f W95 Ext'd (LBA)  54 OnTrackDM6       a6 OpenBSD          ee GPT
10 OPUS             55 EZ-Drive         a7 NeXTSTEP         ef EFI (FAT-12/16/
11 Hidden FAT12     56 Golden Bow       a8 Darwin UFS       f0 Linux/PA-RISC b
12 Compaq diagnost  5c Priam Edisk      a9 NetBSD           f1 SpeedStor
14 Hidden FAT16 <3  61 SpeedStor        ab Darwin boot      f4 SpeedStor
16 Hidden FAT16     63 GNU HURD or Sys  af HFS / HFS+       f2 DOS secondary
17 Hidden HPFS/NTF  64 Novell Netware   b7 BSDI fs          fb VMware VMFS
18 AST SmartSleep   65 Novell Netware   b8 BSDI swap        fc VMware VMKCORE
1b Hidden W95 FAT3  70 DiskSecure Mult  bb Boot Wizard hid  fd Linux raid auto
1c Hidden W95 FAT3  75 PC/IX            bc Acronis FAT32 L  fe LANstep
1e Hidden W95 FAT1  80 Old Minix        be Solaris boot     ff BBT

Aliases:
   linux          - 83
   swap           - 82
   extended       - 05
   uefi           - EF
   raid           - FD
   lvm            - 8E
   linuxex        - 85
Hex code or alias (type L to list all):
Hex code or alias (type L to list all): linux
Changed type of partition 'Linux' to 'Linux'.

Command (m for help): p
Disk /dev/sdb: 2 GiB, 2147483648 bytes, 4194304 sectors
Disk model: VMware Virtual S
Units: sectors of 1 * 512 = 512 bytes
Sector size (logical/physical): 512 bytes / 512 bytes
I/O size (minimum/optimal): 512 bytes / 512 bytes
Disklabel type: dos
Disk identifier: 0xd87bff18

Device     Boot Start     End Sectors Size Id Type
/dev/sdb1        2048 2099199 2097152   1G 83 Linux

Command (m for help):


Command (m for help): w

The partition table has been altered.
Calling ioctl() to re-read partition table.
Syncing disks.

root@centos9:~$
root@centos9:~$
root@centos9:~$ partprobe -s
/dev/sda: msdos partitions 1 2
/dev/sdb: msdos partitions 1
/dev/sdc: msdos partitions
Warning: Unable to open /dev/sr0 read-write (Read-only file system).  /dev/sr0 has been opened read-only.
/dev/sr0: msdos partitions
